###############################################################################
#
# IAR ELF Linker V8.50.1.245/W32 for ARM                  16/Sep/2022  10:48:09
# Copyright 2007-2020 IAR Systems AB.
#
#    Output file  =
#        E:\KELKA\F405_Storage\EWARM\F405_Storage\Exe\F405_Storage.out
#    Map file     =
#        E:\KELKA\F405_Storage\EWARM\F405_Storage\List\F405_Storage.map
#    Command line =
#        -f C:\Users\VASILT~1\AppData\Local\Temp\EW69F6.tmp
#        (E:\KELKA\F405_Storage\EWARM\F405_Storage\Obj\diskio.o
#        E:\KELKA\F405_Storage\EWARM\F405_Storage\Obj\fatfs.o
#        E:\KELKA\F405_Storage\EWARM\F405_Storage\Obj\fatfs_sd.o
#        E:\KELKA\F405_Storage\EWARM\F405_Storage\Obj\ff.o
#        E:\KELKA\F405_Storage\EWARM\F405_Storage\Obj\ff_gen_drv.o
#        E:\KELKA\F405_Storage\EWARM\F405_Storage\Obj\main.o
#        E:\KELKA\F405_Storage\EWARM\F405_Storage\Obj\periphery_init.o
#        E:\KELKA\F405_Storage\EWARM\F405_Storage\Obj\startup_stm32f405xx.o
#        E:\KELKA\F405_Storage\EWARM\F405_Storage\Obj\stm32f4xx_hal.o
#        E:\KELKA\F405_Storage\EWARM\F405_Storage\Obj\stm32f4xx_hal_cortex.o
#        E:\KELKA\F405_Storage\EWARM\F405_Storage\Obj\stm32f4xx_hal_dma.o
#        E:\KELKA\F405_Storage\EWARM\F405_Storage\Obj\stm32f4xx_hal_dma_ex.o
#        E:\KELKA\F405_Storage\EWARM\F405_Storage\Obj\stm32f4xx_hal_exti.o
#        E:\KELKA\F405_Storage\EWARM\F405_Storage\Obj\stm32f4xx_hal_flash.o
#        E:\KELKA\F405_Storage\EWARM\F405_Storage\Obj\stm32f4xx_hal_flash_ex.o
#        E:\KELKA\F405_Storage\EWARM\F405_Storage\Obj\stm32f4xx_hal_flash_ramfunc.o
#        E:\KELKA\F405_Storage\EWARM\F405_Storage\Obj\stm32f4xx_hal_gpio.o
#        E:\KELKA\F405_Storage\EWARM\F405_Storage\Obj\stm32f4xx_hal_msp.o
#        E:\KELKA\F405_Storage\EWARM\F405_Storage\Obj\stm32f4xx_hal_pcd.o
#        E:\KELKA\F405_Storage\EWARM\F405_Storage\Obj\stm32f4xx_hal_pcd_ex.o
#        E:\KELKA\F405_Storage\EWARM\F405_Storage\Obj\stm32f4xx_hal_pwr.o
#        E:\KELKA\F405_Storage\EWARM\F405_Storage\Obj\stm32f4xx_hal_pwr_ex.o
#        E:\KELKA\F405_Storage\EWARM\F405_Storage\Obj\stm32f4xx_hal_rcc.o
#        E:\KELKA\F405_Storage\EWARM\F405_Storage\Obj\stm32f4xx_hal_rcc_ex.o
#        E:\KELKA\F405_Storage\EWARM\F405_Storage\Obj\stm32f4xx_hal_spi.o
#        E:\KELKA\F405_Storage\EWARM\F405_Storage\Obj\stm32f4xx_hal_tim.o
#        E:\KELKA\F405_Storage\EWARM\F405_Storage\Obj\stm32f4xx_hal_tim_ex.o
#        E:\KELKA\F405_Storage\EWARM\F405_Storage\Obj\stm32f4xx_it.o
#        E:\KELKA\F405_Storage\EWARM\F405_Storage\Obj\stm32f4xx_ll_usb.o
#        E:\KELKA\F405_Storage\EWARM\F405_Storage\Obj\syscall.o
#        E:\KELKA\F405_Storage\EWARM\F405_Storage\Obj\system_stm32f4xx.o
#        E:\KELKA\F405_Storage\EWARM\F405_Storage\Obj\usb_device.o
#        E:\KELKA\F405_Storage\EWARM\F405_Storage\Obj\usbd_conf.o
#        E:\KELKA\F405_Storage\EWARM\F405_Storage\Obj\usbd_core.o
#        E:\KELKA\F405_Storage\EWARM\F405_Storage\Obj\usbd_ctlreq.o
#        E:\KELKA\F405_Storage\EWARM\F405_Storage\Obj\usbd_desc.o
#        E:\KELKA\F405_Storage\EWARM\F405_Storage\Obj\usbd_ioreq.o
#        E:\KELKA\F405_Storage\EWARM\F405_Storage\Obj\usbd_msc.o
#        E:\KELKA\F405_Storage\EWARM\F405_Storage\Obj\usbd_msc_bot.o
#        E:\KELKA\F405_Storage\EWARM\F405_Storage\Obj\usbd_msc_data.o
#        E:\KELKA\F405_Storage\EWARM\F405_Storage\Obj\usbd_msc_scsi.o
#        E:\KELKA\F405_Storage\EWARM\F405_Storage\Obj\usbd_storage_if.o
#        E:\KELKA\F405_Storage\EWARM\F405_Storage\Obj\user_diskio.o
#        --no_out_extension -o
#        E:\KELKA\F405_Storage\EWARM\F405_Storage\Exe\F405_Storage.out
#        --redirect _Printf=_PrintfFullNoMb --redirect _Scanf=_ScanfFullNoMb
#        --map E:\KELKA\F405_Storage\EWARM\F405_Storage\List\F405_Storage.map
#        --config E:\KELKA\F405_Storage\EWARM\stm32f405xx_flash.icf
#        --semihosting --entry __iar_program_start --vfe --text_out locale)
#
###############################################################################

*******************************************************************************
*** RUNTIME MODEL ATTRIBUTES
***

CppFlavor       = *
__Heap_Handler  = Basic
__SystemLibrary = DLib
__dlib_version  = 6


*******************************************************************************
*** HEAP SELECTION
***

The basic heap was selected because no calls to memory allocation
functions were found in the application outside of system library
functions, and there are calls to deallocation functions in the
application.


*******************************************************************************
*** PLACEMENT SUMMARY
***

"A0":  place at address 0x800'0000 { ro section .intvec };
"P1":  place in [from 0x800'0000 to 0x80f'ffff] { ro };
define block CSTACK with size = 4K, alignment = 8 { };
define block HEAP with size = 2K, alignment = 8 { };
"P2":  place in [from 0x2000'0000 to 0x2001'ffff] {
          rw, block CSTACK, block HEAP };
initialize by copy { rw };

  Section            Kind         Address    Size  Object
  -------            ----         -------    ----  ------
"A0":                                       0x188
  .intvec            ro code   0x800'0000   0x188  startup_stm32f405xx.o [1]
                             - 0x800'0188   0x188

"P1":                                      0xa0a6
  .text              ro code   0x800'0188  0x2052  ff.o [1]
  .text              ro code   0x800'21da    0x3a  zero_init3.o [4]
  .text              ro code   0x800'2214    0x80  diskio.o [1]
  .text              ro code   0x800'2294     0x6  ABImemclr.o [4]
  .text              ro code   0x800'229a     0xa  xsprout.o [2]
  .text              ro code   0x800'22a4    0x66  ABImemset.o [4]
  .rodata            const     0x800'230a     0x2  xlocale_c.o [2]
  .text              ro code   0x800'230c    0x1c  fatfs.o [1]
  .text              ro code   0x800'2328    0x40  ff_gen_drv.o [1]
  .text              ro code   0x800'2368   0xfc2  xprintffull_nomb.o [2]
  .rodata            const     0x800'332a     0x1  xlocale_c.o [2]
  .text              ro code   0x800'332c    0x16  strchr.o [4]
  .text              ro code   0x800'3344    0x40  xfail_s.o [2]
  .text              ro code   0x800'3384    0x36  strlen.o [4]
  .text              ro code   0x800'33bc    0x58  memchr.o [4]
  .text              ro code   0x800'3414    0xa6  ABImemcpy.o [4]
  .text              ro code   0x800'34bc    0x70  frexp.o [3]
  .text              ro code   0x800'352c    0x2e  DblCmpLe.o [3]
  .text              ro code   0x800'355c    0x2e  DblCmpGe.o [3]
  .text              ro code   0x800'358c   0x13a  ldexp.o [3]
  .text              ro code   0x800'36c8    0x3a  DblToS32.o [3]
  .text              ro code   0x800'3704    0x22  S32ToDbl.o [3]
  .text              ro code   0x800'3728    0xe2  DblSub.o [3]
  .text              ro code   0x800'380c   0x246  DblDiv.o [3]
  .text              ro code   0x800'3a54    0x28  DblToU32.o [3]
  .text              ro code   0x800'3a7c    0x1a  U32ToDbl.o [3]
  .text              ro code   0x800'3a98   0x1a2  DblMul.o [3]
  .text              ro code   0x800'3c3c     0x8  xlocale_c.o [2]
  .text              ro code   0x800'3c44   0x230  I64DivMod.o [4]
  .text              ro code   0x800'3e74     0x6  abort.o [2]
  .text              ro code   0x800'3e7c   0x16a  DblAdd.o [3]
  .text              ro code   0x800'3fe8     0x2  I64DivZer.o [4]
  .text              ro code   0x800'3fec    0x14  exit.o [5]
  .text              ro code   0x800'4000    0x2c  iarttio.o [5]
  .text              ro code   0x800'402c     0x8  XShttio.o [2]
  .text              ro code   0x800'4034   0xabc  stm32f4xx_ll_usb.o [1]
  .text              ro code   0x800'4af0    0x2c  stm32f4xx_hal.o [1]
  .text              ro code   0x800'4b1c     0xc  stm32f4xx_hal.o [1]
  .text              ro code   0x800'4b28   0xa94  usbd_msc_scsi.o [1]
  .text              ro code   0x800'55bc   0x2e6  usbd_conf.o [1]
  .text              ro code   0x800'58a4   0x34c  usbd_msc_bot.o [1]
  .text              ro code   0x800'5bf0   0x1f0  stm32f4xx_hal_gpio.o [1]
  .text              ro code   0x800'5de0    0xc4  stm32f4xx_hal_cortex.o [1]
  .text              ro code   0x800'5ea4   0x324  usbd_core.o [1]
  .text              ro code   0x800'61c8   0x3f0  main.o [1]
  .text              ro code   0x800'65b8   0x9d8  stm32f4xx_hal_pcd.o [1]
  .text              ro code   0x800'6f90    0x98  stm32f4xx_hal_pcd_ex.o [1]
  .text              ro code   0x800'7028   0x5c0  usbd_ctlreq.o [1]
  .text              ro code   0x800'75e8    0x7a  usbd_ioreq.o [1]
  .text              ro code   0x800'7664    0x38  stm32f4xx_hal.o [1]
  .text              ro code   0x800'769c   0x5cc  stm32f4xx_hal_spi.o [1]
  .text              ro code   0x800'7c68    0xe0  periphery_init.o [1]
  .text              ro code   0x800'7d48    0x28  printf.o [2]
  .text              ro code   0x800'7d70    0x40  sprintf.o [2]
  .text              ro code   0x800'7db0    0x54  usb_device.o [1]
  .text              ro code   0x800'7e04     0x6  ABImemclr4.o [4]
  .text              ro code   0x800'7e0c   0x370  stm32f4xx_hal_rcc.o [1]
  .text              ro code   0x800'817c   0x194  stm32f4xx_hal_rcc.o [1]
  .text              ro code   0x800'8310    0x48  stm32f4xx_hal.o [1]
  .text              ro code   0x800'8358   0x11c  stm32f4xx_hal_msp.o [1]
  .text              ro code   0x800'8474   0x1e2  usbd_msc.o [1]
  .text              ro code   0x800'8658    0x32  ABImemset48.o [4]
  .text              ro code   0x800'868a    0x14  memset.o [4]
  .text              ro code   0x800'86a0   0x300  stm32f4xx_hal_dma.o [1]
  .text              ro code   0x800'89a0   0x9d4  fatfs_sd.o [1]
  .text              ro code   0x800'9374   0x13c  heap0.o [2]
  .text              ro code   0x800'94b0    0x2c  xgetmemchunk.o [2]
  .text              ro code   0x800'94dc   0x12c  usbd_desc.o [1]
  .text              ro code   0x800'9608    0xd8  xfspos.o [2]
  .text              ro code   0x800'96e0    0xac  fflush.o [2]
  .text              ro code   0x800'978c     0xc  xfgpos.o [2]
  .text              ro code   0x800'9798    0x4a  lseek.o [5]
  .text              ro code   0x800'97e2    0x10  write.o [5]
  .text              ro code   0x800'97f4    0x44  XShHandles.o [2]
  .text              ro code   0x800'9838    0x4c  XShHandles.o [2]
  .text              ro code   0x800'9884    0x1e  dwrite.o [5]
  .text              ro code   0x800'98a2    0x20  iarwstd.o [5]
  .text              ro code   0x800'98c2    0x22  iarwrite.o [5]
  .text              ro code   0x800'98e4    0x50  iarttio.o [5]
  .text              ro code   0x800'9934    0x24  XShttio.o [2]
  .text              ro code   0x800'9958    0x14  XShttio.o [2]
  .text              ro code   0x800'996c    0xb4  xfwprep.o [2]
  .text              ro code   0x800'9a20    0x24  fseek.o [2]
  .text              ro code   0x800'9a44    0x9c  xfofind.o [2]
  .text              ro code   0x800'9ae0     0x4  heaptramp0.o [2]
  .rodata            const     0x800'9ae4    0x80  ff.o [1]
  .text              ro code   0x800'9b64    0x7e  fclose.o [2]
  .text              ro code   0x800'9be2    0x18  close.o [5]
  .text              ro code   0x800'9bfa    0x14  remove.o [5]
  .text              ro code   0x800'9c10    0x48  XShHandles.o [2]
  .text              ro code   0x800'9c58    0x78  lz77_init_single.o [4]
  .text              ro code   0x800'9cd0    0x74  stm32f4xx_it.o [1]
  .text              ro code   0x800'9d44    0x10  stm32f4xx_hal.o [1]
  .text              ro code   0x800'9d54    0x54  fputc.o [2]
  .text              ro code   0x800'9da8    0x46  usbd_storage_if.o [1]
  .text              ro code   0x800'9dee    0x46  user_diskio.o [1]
  .text              ro code   0x800'9e34    0x3c  xcloseall.o [2]
  .text              ro code   0x800'9e70    0x28  data_init.o [4]
  .rodata            const     0x800'9e98    0x24  main.o [1]
  .rodata            const     0x800'9ebc    0x24  usbd_storage_if.o [1]
  .text              ro code   0x800'9ee0    0x22  fpinit_M.o [3]
  .iar.init_table    const     0x800'9f04    0x20  - Linker created -
  .text              ro code   0x800'9f24    0x20  system_stm32f4xx.o [1]
  .text              ro code   0x800'9f44    0x1e  cmain.o [4]
  .text              ro code   0x800'9f62     0x4  low_level_init.o [2]
  .text              ro code   0x800'9f66     0x4  exit.o [2]
  .text              ro code   0x800'9f6c     0xe  cexit.o [4]
  .text              ro code   0x800'9f7a    0x16  xprout.o [2]
  .text              ro code   0x800'9f90     0xc  putchar.o [2]
  .text              ro code   0x800'9f9c    0x10  startup_stm32f405xx.o [1]
  .text              ro code   0x800'9fac     0xc  cstartup_M.o [4]
  .rodata            const     0x800'9fb8     0x8  xprintffull_nomb.o [2]
  .text              ro code   0x800'9fc0     0x4  startup_stm32f405xx.o [1]
  .text              ro code   0x800'9fc4     0x4  startup_stm32f405xx.o [1]
  .text              ro code   0x800'9fc8     0x4  startup_stm32f405xx.o [1]
  .text              ro code   0x800'9fcc     0x4  startup_stm32f405xx.o [1]
  .text              ro code   0x800'9fd0     0x4  startup_stm32f405xx.o [1]
  .text              ro code   0x800'9fd4     0x4  startup_stm32f405xx.o [1]
  .text              ro code   0x800'9fd8     0x4  startup_stm32f405xx.o [1]
  .text              ro code   0x800'9fdc     0x4  startup_stm32f405xx.o [1]
  .text              ro code   0x800'9fe0     0x4  startup_stm32f405xx.o [1]
  .text              ro code   0x800'9fe4     0x4  startup_stm32f405xx.o [1]
  .text              ro code   0x800'9fe8     0x4  startup_stm32f405xx.o [1]
  .text              ro code   0x800'9fec     0x4  startup_stm32f405xx.o [1]
  .text              ro code   0x800'9ff0     0x4  startup_stm32f405xx.o [1]
  .text              ro code   0x800'9ff4     0x4  startup_stm32f405xx.o [1]
  .text              ro code   0x800'9ff8     0x4  startup_stm32f405xx.o [1]
  .text              ro code   0x800'9ffc     0x4  startup_stm32f405xx.o [1]
  .text              ro code   0x800'a000     0x4  startup_stm32f405xx.o [1]
  .text              ro code   0x800'a004     0x4  startup_stm32f405xx.o [1]
  .text              ro code   0x800'a008     0x4  startup_stm32f405xx.o [1]
  .text              ro code   0x800'a00c     0x4  startup_stm32f405xx.o [1]
  .text              ro code   0x800'a010     0x4  startup_stm32f405xx.o [1]
  .text              ro code   0x800'a014     0x4  startup_stm32f405xx.o [1]
  .text              ro code   0x800'a018     0x4  startup_stm32f405xx.o [1]
  .text              ro code   0x800'a01c     0x4  startup_stm32f405xx.o [1]
  .text              ro code   0x800'a020     0x4  startup_stm32f405xx.o [1]
  .text              ro code   0x800'a024     0x4  startup_stm32f405xx.o [1]
  .text              ro code   0x800'a028     0x4  startup_stm32f405xx.o [1]
  .text              ro code   0x800'a02c     0x4  startup_stm32f405xx.o [1]
  .text              ro code   0x800'a030     0x4  startup_stm32f405xx.o [1]
  .text              ro code   0x800'a034     0x4  startup_stm32f405xx.o [1]
  .text              ro code   0x800'a038     0x4  startup_stm32f405xx.o [1]
  .text              ro code   0x800'a03c     0x4  startup_stm32f405xx.o [1]
  .text              ro code   0x800'a040     0x4  startup_stm32f405xx.o [1]
  .text              ro code   0x800'a044     0x4  startup_stm32f405xx.o [1]
  .text              ro code   0x800'a048     0x4  startup_stm32f405xx.o [1]
  .text              ro code   0x800'a04c     0x4  startup_stm32f405xx.o [1]
  .text              ro code   0x800'a050     0x4  startup_stm32f405xx.o [1]
  .text              ro code   0x800'a054     0x4  startup_stm32f405xx.o [1]
  .text              ro code   0x800'a058     0x4  startup_stm32f405xx.o [1]
  .text              ro code   0x800'a05c     0x4  startup_stm32f405xx.o [1]
  .text              ro code   0x800'a060     0x4  startup_stm32f405xx.o [1]
  .text              ro code   0x800'a064     0x4  startup_stm32f405xx.o [1]
  .text              ro code   0x800'a068     0x4  startup_stm32f405xx.o [1]
  .text              ro code   0x800'a06c     0x4  startup_stm32f405xx.o [1]
  .text              ro code   0x800'a070     0x4  startup_stm32f405xx.o [1]
  .text              ro code   0x800'a074     0x4  startup_stm32f405xx.o [1]
  .text              ro code   0x800'a078     0x4  startup_stm32f405xx.o [1]
  .text              ro code   0x800'a07c     0x4  startup_stm32f405xx.o [1]
  .text              ro code   0x800'a080     0x4  startup_stm32f405xx.o [1]
  .text              ro code   0x800'a084     0x4  startup_stm32f405xx.o [1]
  .text              ro code   0x800'a088     0x4  startup_stm32f405xx.o [1]
  .text              ro code   0x800'a08c     0x4  startup_stm32f405xx.o [1]
  .text              ro code   0x800'a090     0x4  startup_stm32f405xx.o [1]
  .text              ro code   0x800'a094     0x4  startup_stm32f405xx.o [1]
  .text              ro code   0x800'a098     0x4  startup_stm32f405xx.o [1]
  .text              ro code   0x800'a09c     0x4  startup_stm32f405xx.o [1]
  .text              ro code   0x800'a0a0     0x4  startup_stm32f405xx.o [1]
  .text              ro code   0x800'a0a4     0x4  startup_stm32f405xx.o [1]
  .text              ro code   0x800'a0a8     0x4  startup_stm32f405xx.o [1]
  .text              ro code   0x800'a0ac     0x4  startup_stm32f405xx.o [1]
  .text              ro code   0x800'a0b0     0x4  startup_stm32f405xx.o [1]
  .text              ro code   0x800'a0b4     0x4  startup_stm32f405xx.o [1]
  .text              ro code   0x800'a0b8     0x4  startup_stm32f405xx.o [1]
  .text              ro code   0x800'a0bc     0x4  startup_stm32f405xx.o [1]
  .text              ro code   0x800'a0c0     0x4  startup_stm32f405xx.o [1]
  .text              ro code   0x800'a0c4     0x4  startup_stm32f405xx.o [1]
  .text              ro code   0x800'a0c8     0x4  startup_stm32f405xx.o [1]
  .text              ro code   0x800'a0cc     0x4  startup_stm32f405xx.o [1]
  .text              ro code   0x800'a0d0     0x4  startup_stm32f405xx.o [1]
  .text              ro code   0x800'a0d4     0x4  startup_stm32f405xx.o [1]
  .text              ro code   0x800'a0d8     0x4  startup_stm32f405xx.o [1]
  .text              ro code   0x800'a0dc     0x4  startup_stm32f405xx.o [1]
  .text              ro code   0x800'a0e0     0x4  startup_stm32f405xx.o [1]
  .text              ro code   0x800'a0e4     0x4  startup_stm32f405xx.o [1]
  .text              ro code   0x800'a0e8     0x0  cstart_closeall.o [4]
  .rodata            const     0x800'a0e8     0x0  zero_init3.o [4]
  .rodata            const     0x800'a0e8     0x0  lz77_init_single.o [4]
  Initializer bytes  const     0x800'a0e8   0x146  <for P2-1>
                             - 0x800'a22e  0xa0a6

"P2", part 1 of 3:                          0x2ba
  P2-1                        0x2000'0000   0x2ba  <Init block>
    .data            inited   0x2000'0000     0xc  stm32f4xx_hal.o [1]
    .data            inited   0x2000'000c     0x4  system_stm32f4xx.o [1]
    .data            inited   0x2000'0010    0x1c  usbd_desc.o [1]
    .data            inited   0x2000'002c    0x14  usbd_desc.o [1]
    .data            inited   0x2000'0040     0x4  usbd_desc.o [1]
    .data            inited   0x2000'0044    0x1c  usbd_desc.o [1]
    .data            inited   0x2000'0060    0x38  usbd_msc.o [1]
    .data            inited   0x2000'0098    0x20  usbd_msc.o [1]
    .data            inited   0x2000'00b8    0x20  usbd_msc.o [1]
    .data            inited   0x2000'00d8    0x20  usbd_msc.o [1]
    .data            inited   0x2000'00f8     0xc  usbd_msc.o [1]
    .data            inited   0x2000'0104     0x8  usbd_msc_data.o [1]
    .data            inited   0x2000'010c     0x8  usbd_msc_data.o [1]
    .data            inited   0x2000'0114    0x18  usbd_msc_data.o [1]
    .data            inited   0x2000'012c    0x1c  usbd_msc_data.o [1]
    .data            inited   0x2000'0148    0x20  usbd_storage_if.o [1]
    .data            inited   0x2000'0168    0x14  user_diskio.o [1]
    .data            inited   0x2000'017c    0x38  xlocale_c.o [2]
    .data            inited   0x2000'01b4    0x48  xfiles.o [2]
    .data            inited   0x2000'01fc    0x48  xfiles.o [2]
    .data            inited   0x2000'0244    0x48  xfiles.o [2]
    .data            inited   0x2000'028c    0x20  xfiles.o [2]
    .data            inited   0x2000'02ac     0x8  XShttio.o [2]
    .data            inited   0x2000'02b4     0x6  fatfs_sd.o [1]
                            - 0x2000'02ba   0x2ba

"P2", part 2 of 3:                         0x1658
  .bss               zero     0x2000'02bc   0x8d0  main.o [1]
  .bss               zero     0x2000'0b8c   0x408  usbd_conf.o [1]
  .bss               zero     0x2000'0f94   0x2d0  usb_device.o [1]
  .bss               zero     0x2000'1264   0x278  usbd_conf.o [1]
  .bss               zero     0x2000'14dc   0x200  usbd_desc.o [1]
  .bss               zero     0x2000'16dc    0x80  XShHandles.o [2]
  .bss               zero     0x2000'175c    0x60  main.o [1]
  .bss               zero     0x2000'17bc    0x60  main.o [1]
  .bss               zero     0x2000'181c    0x50  xfiles.o [2]
  .bss               zero     0x2000'186c    0x50  xfiles.o [2]
  .bss               zero     0x2000'18bc    0x28  ff.o [1]
  .bss               zero     0x2000'18e4     0xc  ff_gen_drv.o [1]
  .bss               zero     0x2000'18f0     0x8  fatfs.o [1]
  .bss               zero     0x2000'18f8     0x8  heap0.o [2]
  .bss               zero     0x2000'1900     0x4  main.o [1]
  .bss               zero     0x2000'1904     0x4  xfail_s.o [2]
  .bss               zero     0x2000'1908     0x4  xgetmemchunk.o [2]
  .bss               zero     0x2000'190c     0x2  fatfs_sd.o [1]
  .bss               zero     0x2000'190e     0x2  main.o [1]
  .bss               zero     0x2000'1910     0x1  stm32f4xx_it.o [1]
  .bss               zero     0x2000'1911     0x1  usbd_ctlreq.o [1]
  .bss               zero     0x2000'1912     0x1  XShttio.o [2]
                            - 0x2000'1913  0x1657

"P2", part 3 of 3:                         0x1800
  CSTACK                      0x2000'1918  0x1000  <Block>
    CSTACK           uninit   0x2000'1918  0x1000  <Block tail>
  HEAP                        0x2000'2918   0x800  <Block>
    HEAP             uninit   0x2000'2918   0x800  <Block tail>
                            - 0x2000'3118  0x1800

Unused ranges:

         From           To      Size
         ----           --      ----
   0x800'a22e   0x80f'ffff  0xf'5dd2
  0x2000'02ba  0x2000'02bb       0x2
  0x2000'1914  0x2000'1917       0x4
  0x2000'3118  0x2001'ffff  0x1'cee8


*******************************************************************************
*** INIT TABLE
***

          Address      Size
          -------      ----
Zero (__iar_zero_init3)
    1 destination range, total size 0x1657:
          0x2000'02bc  0x1657

Copy/lz77 (__iar_lz77_init_single3)
    1 source range, total size 0x146 (46% of destination):
           0x800'a0e8   0x146
    1 destination range, total size 0x2ba:
          0x2000'0000   0x2ba



*******************************************************************************
*** MODULE SUMMARY
***

    Module                  ro code  ro data  rw data
    ------                  -------  -------  -------
command line/config:
    -------------------------------------------------
    Total:

E:\KELKA\F405_Storage\EWARM\F405_Storage\Obj: [1]
    diskio.o                    128
    fatfs.o                      28                 8
    fatfs_sd.o                2'516        3        8
    ff.o                      8'274      128       40
    ff_gen_drv.o                 64                12
    main.o                    1'008       36    2'454
    periphery_init.o            224
    startup_stm32f405xx.o       704
    stm32f4xx_hal.o             200        5       12
    stm32f4xx_hal_cortex.o      196
    stm32f4xx_hal_dma.o         768
    stm32f4xx_hal_gpio.o        496
    stm32f4xx_hal_msp.o         284
    stm32f4xx_hal_pcd.o       2'520
    stm32f4xx_hal_pcd_ex.o      152
    stm32f4xx_hal_rcc.o       1'284
    stm32f4xx_hal_spi.o       1'484
    stm32f4xx_it.o              116                 1
    stm32f4xx_ll_usb.o        2'748
    system_stm32f4xx.o           32        2        4
    usb_device.o                 84               720
    usbd_conf.o                 742             1'664
    usbd_core.o                 804
    usbd_ctlreq.o             1'472                 1
    usbd_desc.o                 300       37      592
    usbd_ioreq.o                122
    usbd_msc.o                  482       77      164
    usbd_msc_bot.o              844
    usbd_msc_data.o                       32       68
    usbd_msc_scsi.o           2'708
    usbd_storage_if.o            70       51       32
    user_diskio.o                70        9       20
    -------------------------------------------------
    Total:                   30'924      380    5'800

dl7M_tlf.a: [2]
    XShHandles.o                216               128
    XShttio.o                    64        4        9
    abort.o                       6
    exit.o                        4
    fclose.o                    126
    fflush.o                    172
    fputc.o                      84
    fseek.o                      36
    heap0.o                     316                 8
    heaptramp0.o                  4
    low_level_init.o              4
    printf.o                     40
    putchar.o                    12
    sprintf.o                    64
    xcloseall.o                  60
    xfail_s.o                    64                 4
    xfgpos.o                     12
    xfiles.o                             116      408
    xfofind.o                   156
    xfspos.o                    216
    xfwprep.o                   180
    xgetmemchunk.o               44                 4
    xlocale_c.o                   8       29       56
    xprintffull_nomb.o        4'034        8
    xprout.o                     22
    xsprout.o                    10
    -------------------------------------------------
    Total:                    5'954      157      617

m7M_tls.a: [3]
    DblAdd.o                    362
    DblCmpGe.o                   46
    DblCmpLe.o                   46
    DblDiv.o                    582
    DblMul.o                    418
    DblSub.o                    226
    DblToS32.o                   58
    DblToU32.o                   40
    S32ToDbl.o                   34
    U32ToDbl.o                   26
    fpinit_M.o                   34
    frexp.o                     112
    ldexp.o                     314
    -------------------------------------------------
    Total:                    2'298

rt7M_tl.a: [4]
    ABImemclr.o                   6
    ABImemclr4.o                  6
    ABImemcpy.o                 166
    ABImemset.o                 102
    ABImemset48.o                50
    I64DivMod.o                 560
    I64DivZer.o                   2
    cexit.o                      14
    cmain.o                      30
    cstart_closeall.o
    cstartup_M.o                 12
    data_init.o                  40
    lz77_init_single.o          120
    memchr.o                     88
    memset.o                     20
    strchr.o                     22
    strlen.o                     54
    zero_init3.o                 58
    -------------------------------------------------
    Total:                    1'350

shb_l.a: [5]
    close.o                      24
    dwrite.o                     30
    exit.o                       20
    iarttio.o                   124
    iarwrite.o                   34
    iarwstd.o                    32
    lseek.o                      74
    remove.o                     20
    write.o                      16
    -------------------------------------------------
    Total:                      374

    Gaps                         47        2
    Linker created                        32    6'144
-----------------------------------------------------
    Grand Total:             40'947      571   12'561


*******************************************************************************
*** ENTRY LIST
***

Entry                       Address   Size  Type      Object
-----                       -------   ----  ----      ------
.iar.init_table$$Base    0x800'9f04          --   Gb  - Linker created -
.iar.init_table$$Limit   0x800'9f24          --   Gb  - Linker created -
?main                    0x800'9f45         Code  Gb  cmain.o [4]
AHBPrescTable            0x800'9f34   0x10  Data  Gb  system_stm32f4xx.o [1]
Aldata                  0x2000'18f8    0x8  Data  Lc  heap0.o [2]
BusFault_Handler         0x800'9ced    0x2  Code  Gb  stm32f4xx_it.o [1]
CSTACK$$Base            0x2000'1918          --   Gb  - Linker created -
CSTACK$$Limit           0x2000'2918          --   Gb  - Linker created -
CardType                0x2000'02b5    0x1  Data  Lc  fatfs_sd.o [1]
DAC_Init                 0x800'7c69   0x16  Code  Gb  periphery_init.o [1]
DMA2_Stream0_IRQHandler
                         0x800'9cfb    0x6  Code  Gb  stm32f4xx_it.o [1]
DMA2_Stream3_IRQHandler
                         0x800'9d01    0x6  Code  Gb  stm32f4xx_it.o [1]
DMA_CalcBaseAndBitshift
                         0x800'895d   0x2c  Code  Lc  stm32f4xx_hal_dma.o [1]
DMA_CalcBaseAndBitshift::flagBitshiftOffset
                         0x800'8998    0x8  Data  Lc  stm32f4xx_hal_dma.o [1]
DebugMon_Handler         0x800'9cf3    0x2  Code  Gb  stm32f4xx_it.o [1]
Error_Handler            0x800'653d    0x4  Code  Gb  main.o [1]
ExCvt                    0x800'9ae4   0x80  Data  Lc  ff.o [1]
FATFS_LinkDriver         0x800'2329   0x3c  Code  Gb  ff_gen_drv.o [1]
FS_Desc                 0x2000'0010   0x1c  Data  Gb  usbd_desc.o [1]
FatFs                   0x2000'18e0    0x4  Data  Lc  ff.o [1]
FatFsCnt                0x2000'1910    0x1  Data  Gb  stm32f4xx_it.o [1]
Files                   0x2000'18bc   0x20  Data  Lc  ff.o [1]
Fsid                    0x2000'18dc    0x2  Data  Lc  ff.o [1]
HAL_DMA_IRQHandler       0x800'87a5  0x1b6  Code  Gb  stm32f4xx_hal_dma.o [1]
HAL_DMA_Init             0x800'86a1  0x104  Code  Gb  stm32f4xx_hal_dma.o [1]
HAL_Delay                0x800'4af1   0x2c  Code  Wk  stm32f4xx_hal.o [1]
HAL_GPIO_Init            0x800'5bf1  0x1ba  Code  Gb  stm32f4xx_hal_gpio.o [1]
HAL_GPIO_WritePin        0x800'5dad    0x8  Code  Gb  stm32f4xx_hal_gpio.o [1]
HAL_GetTick              0x800'4b1d    0xc  Code  Wk  stm32f4xx_hal.o [1]
HAL_IncTick              0x800'9d45   0x10  Code  Wk  stm32f4xx_hal.o [1]
HAL_Init                 0x800'7665   0x34  Code  Gb  stm32f4xx_hal.o [1]
HAL_InitTick             0x800'8311   0x48  Code  Wk  stm32f4xx_hal.o [1]
HAL_MspInit              0x800'8359   0x34  Code  Gb  stm32f4xx_hal_msp.o [1]
HAL_NVIC_EnableIRQ       0x800'5e55   0x16  Code  Gb  stm32f4xx_hal_cortex.o [1]
HAL_NVIC_SetPriority     0x800'5dfb   0x5a  Code  Gb  stm32f4xx_hal_cortex.o [1]
HAL_NVIC_SetPriorityGrouping
                         0x800'5de1   0x1a  Code  Gb  stm32f4xx_hal_cortex.o [1]
HAL_PCDEx_LPM_Callback   0x800'7027    0x2  Code  Wk  stm32f4xx_hal_pcd_ex.o [1]
HAL_PCDEx_SetRxFiFo      0x800'701f    0x8  Code  Gb  stm32f4xx_hal_pcd_ex.o [1]
HAL_PCDEx_SetTxFiFo      0x800'6f91   0x8e  Code  Gb  stm32f4xx_hal_pcd_ex.o [1]
HAL_PCD_ConnectCallback
                         0x800'56e3    0x8  Code  Gb  usbd_conf.o [1]
HAL_PCD_DataInStageCallback
                         0x800'5657   0x12  Code  Gb  usbd_conf.o [1]
HAL_PCD_DataOutStageCallback
                         0x800'5643   0x14  Code  Gb  usbd_conf.o [1]
HAL_PCD_DisconnectCallback
                         0x800'56eb    0x8  Code  Gb  usbd_conf.o [1]
HAL_PCD_EP_Close         0x800'6d93   0x48  Code  Gb  stm32f4xx_hal_pcd.o [1]
HAL_PCD_EP_ClrStall      0x800'6f03   0x56  Code  Gb  stm32f4xx_hal_pcd.o [1]
HAL_PCD_EP_Flush         0x800'6f59   0x38  Code  Gb  stm32f4xx_hal_pcd.o [1]
HAL_PCD_EP_GetRxCount    0x800'6e2b   0x12  Code  Gb  stm32f4xx_hal_pcd.o [1]
HAL_PCD_EP_Open          0x800'6d35   0x5e  Code  Gb  stm32f4xx_hal_pcd.o [1]
HAL_PCD_EP_Receive       0x800'6ddb   0x50  Code  Gb  stm32f4xx_hal_pcd.o [1]
HAL_PCD_EP_SetStall      0x800'6e8b   0x78  Code  Gb  stm32f4xx_hal_pcd.o [1]
HAL_PCD_EP_Transmit      0x800'6e3d   0x4e  Code  Gb  stm32f4xx_hal_pcd.o [1]
HAL_PCD_IRQHandler       0x800'67a5  0x560  Code  Gb  stm32f4xx_hal_pcd.o [1]
HAL_PCD_ISOINIncompleteCallback
                         0x800'56db    0x8  Code  Gb  usbd_conf.o [1]
HAL_PCD_ISOOUTIncompleteCallback
                         0x800'56d3    0x8  Code  Gb  usbd_conf.o [1]
HAL_PCD_Init             0x800'65b9  0x1ac  Code  Gb  stm32f4xx_hal_pcd.o [1]
HAL_PCD_MspInit          0x800'55bd   0x7a  Code  Gb  usbd_conf.o [1]
HAL_PCD_ResetCallback    0x800'5671   0x30  Code  Gb  usbd_conf.o [1]
HAL_PCD_ResumeCallback   0x800'56cb    0x8  Code  Gb  usbd_conf.o [1]
HAL_PCD_SOFCallback      0x800'5669    0x8  Code  Gb  usbd_conf.o [1]
HAL_PCD_SetAddress       0x800'6d0d   0x28  Code  Gb  stm32f4xx_hal_pcd.o [1]
HAL_PCD_SetupStageCallback
                         0x800'5637    0xc  Code  Gb  usbd_conf.o [1]
HAL_PCD_Start            0x800'6765   0x3e  Code  Gb  stm32f4xx_hal_pcd.o [1]
HAL_PCD_SuspendCallback
                         0x800'56a1   0x2a  Code  Gb  usbd_conf.o [1]
HAL_RCC_ClockConfig      0x800'817d  0x11c  Code  Gb  stm32f4xx_hal_rcc.o [1]
HAL_RCC_GetHCLKFreq      0x800'8299    0x6  Code  Gb  stm32f4xx_hal_rcc.o [1]
HAL_RCC_OscConfig        0x800'7e0d  0x370  Code  Wk  stm32f4xx_hal_rcc.o [1]
HAL_SPI_Init             0x800'769d   0xbe  Code  Gb  stm32f4xx_hal_spi.o [1]
HAL_SPI_MspInit          0x800'838d   0xcc  Code  Gb  stm32f4xx_hal_msp.o [1]
HAL_SPI_Transmit         0x800'775b  0x244  Code  Gb  stm32f4xx_hal_spi.o [1]
HAL_SPI_TransmitReceive
                         0x800'79a1  0x2bc  Code  Gb  stm32f4xx_hal_spi.o [1]
HAL_SYSTICK_Config       0x800'5e6b   0x22  Code  Gb  stm32f4xx_hal_cortex.o [1]
HEAP$$Base              0x2000'2918          --   Gb  - Linker created -
HEAP$$Limit             0x2000'3118          --   Gb  - Linker created -
HardFault_Handler        0x800'9ce9    0x2  Code  Gb  stm32f4xx_it.o [1]
MSC_BOT_Abort            0x800'5b2f   0x4c  Code  Lc  usbd_msc_bot.o [1]
MSC_BOT_CplClrFeature    0x800'5b7b   0x6c  Code  Gb  usbd_msc_bot.o [1]
MSC_BOT_DataIn           0x800'593b   0x80  Code  Gb  usbd_msc_bot.o [1]
MSC_BOT_DataOut          0x800'59bb  0x134  Code  Gb  usbd_msc_bot.o [1]
MSC_BOT_DeInit           0x800'592f    0xc  Code  Gb  usbd_msc_bot.o [1]
MSC_BOT_Init             0x800'58a5   0x4e  Code  Gb  usbd_msc_bot.o [1]
MSC_BOT_Reset            0x800'58f3   0x3c  Code  Gb  usbd_msc_bot.o [1]
MSC_BOT_SendCSW          0x800'5aef   0x40  Code  Gb  usbd_msc_bot.o [1]
MSC_Mode_Sense10_data   0x2000'012c   0x1c  Data  Gb  usbd_msc_data.o [1]
MSC_Mode_Sense6_data    0x2000'0114   0x18  Data  Gb  usbd_msc_data.o [1]
MSC_Page00_Inquiry_Data
                        0x2000'0104    0x8  Data  Gb  usbd_msc_data.o [1]
MSC_Page80_Inquiry_Data
                        0x2000'010c    0x8  Data  Gb  usbd_msc_data.o [1]
MX_FATFS_Init            0x800'230d   0x10  Code  Gb  fatfs.o [1]
MX_USB_DEVICE_Init       0x800'7db1   0x54  Code  Gb  usb_device.o [1]
MemManage_Handler        0x800'9ceb    0x2  Code  Gb  stm32f4xx_it.o [1]
NMI_Handler              0x800'9ce7    0x2  Code  Gb  stm32f4xx_it.o [1]
OTG_FS_IRQHandler        0x800'9d07   0x26  Code  Gb  stm32f4xx_it.o [1]
PendSV_Handler           0x800'9cf5    0x2  Code  Gb  stm32f4xx_it.o [1]
PowerFlag               0x2000'02b6    0x1  Data  Lc  fatfs_sd.o [1]
Region$$Table$$Base      0x800'9f04          --   Gb  - Linker created -
Region$$Table$$Limit     0x800'9f24          --   Gb  - Linker created -
SCSI_ProcessCmd          0x800'4b29  0x8c0  Code  Gb  usbd_msc_scsi.o [1]
SCSI_ProcessRead         0x800'543b   0x94  Code  Lc  usbd_msc_scsi.o [1]
SCSI_ProcessWrite        0x800'54cf   0xa4  Code  Lc  usbd_msc_scsi.o [1]
SCSI_SenseCode           0x800'53f9   0x42  Code  Gb  usbd_msc_scsi.o [1]
SCSI_UpdateBotData       0x800'5573   0x4a  Code  Lc  usbd_msc_scsi.o [1]
SDTimer_Handler          0x800'9cd1   0x16  Code  Gb  stm32f4xx_it.o [1]
SD_PowerOn               0x800'8a4b   0x8e  Code  Lc  fatfs_sd.o [1]
SD_ReadyWait             0x800'8a07   0x44  Code  Lc  fatfs_sd.o [1]
SD_RxDataBlock           0x800'8ad9   0x48  Code  Lc  fatfs_sd.o [1]
SD_SendCmd               0x800'8b79   0x64  Code  Lc  fatfs_sd.o [1]
SD_TxDataBlock           0x800'8b21   0x58  Code  Lc  fatfs_sd.o [1]
SD_disk_initialize       0x800'8bdd  0x376  Code  Gb  fatfs_sd.o [1]
SD_disk_ioctl            0x800'9165  0x1fe  Code  Gb  fatfs_sd.o [1]
SD_disk_read             0x800'8f61   0xce  Code  Gb  fatfs_sd.o [1]
SD_disk_status           0x800'8f53    0xe  Code  Gb  fatfs_sd.o [1]
SD_disk_write            0x800'9031  0x132  Code  Gb  fatfs_sd.o [1]
SPI_RxByte               0x800'89d9   0x2e  Code  Lc  fatfs_sd.o [1]
SPI_TxBuffer             0x800'89bd   0x1c  Code  Lc  fatfs_sd.o [1]
SPI_TxByte               0x800'89a1   0x1c  Code  Lc  fatfs_sd.o [1]
STORAGE_GetCapacity_FS   0x800'9db7   0x10  Code  Lc  usbd_storage_if.o [1]
STORAGE_GetMaxLun_FS     0x800'9deb    0x4  Code  Lc  usbd_storage_if.o [1]
STORAGE_Init_FS          0x800'9da9    0xe  Code  Lc  usbd_storage_if.o [1]
STORAGE_Inquirydata_FS   0x800'9ebc   0x24  Data  Gb  usbd_storage_if.o [1]
STORAGE_IsReady_FS       0x800'9dc7    0x4  Code  Lc  usbd_storage_if.o [1]
STORAGE_IsWriteProtected_FS
                         0x800'9dcb    0x4  Code  Lc  usbd_storage_if.o [1]
STORAGE_Read_FS          0x800'9dcf    0xe  Code  Lc  usbd_storage_if.o [1]
STORAGE_Write_FS         0x800'9ddd    0xe  Code  Lc  usbd_storage_if.o [1]
SVC_Handler              0x800'9cf1    0x2  Code  Gb  stm32f4xx_it.o [1]
Stat                    0x2000'02b4    0x1  Data  Lc  fatfs_sd.o [1]
SysTick_Handler          0x800'9cf7    0x4  Code  Gb  stm32f4xx_it.o [1]
SystemClock_Config       0x800'6471   0x9e  Code  Gb  main.o [1]
SystemCoreClock         0x2000'000c    0x4  Data  Gb  system_stm32f4xx.o [1]
SystemInit               0x800'9f25    0xc  Code  Gb  system_stm32f4xx.o [1]
TIM6_DAC_IRQHandler      0x800'7cbb   0x5a  Code  Gb  periphery_init.o [1]
TIM6_Init                0x800'7c7f   0x3c  Code  Gb  periphery_init.o [1]
Timer1                  0x2000'02b8    0x2  Data  Gb  fatfs_sd.o [1]
Timer2                  0x2000'190c    0x2  Data  Gb  fatfs_sd.o [1]
USBD_ClrClassConfig      0x800'5f11   0x14  Code  Gb  usbd_core.o [1]
USBD_CtlContinueRx       0x800'761b   0x14  Code  Gb  usbd_ioreq.o [1]
USBD_CtlContinueSendData
                         0x800'7607   0x14  Code  Gb  usbd_ioreq.o [1]
USBD_CtlError            0x800'753b   0x16  Code  Gb  usbd_ctlreq.o [1]
USBD_CtlReceiveStatus    0x800'7649   0x1a  Code  Gb  usbd_ioreq.o [1]
USBD_CtlSendData         0x800'75e9   0x1e  Code  Gb  usbd_ioreq.o [1]
USBD_CtlSendStatus       0x800'762f   0x1a  Code  Gb  usbd_ioreq.o [1]
USBD_FS_ConfigStrDescriptor
                         0x800'9589   0x14  Code  Gb  usbd_desc.o [1]
USBD_FS_DeviceDesc      0x2000'002c   0x14  Data  Gb  usbd_desc.o [1]
USBD_FS_DeviceDescriptor
                         0x800'94dd    0x8  Code  Gb  usbd_desc.o [1]
USBD_FS_InterfaceStrDescriptor
                         0x800'959d   0x14  Code  Gb  usbd_desc.o [1]
USBD_FS_LangIDStrDescriptor
                         0x800'94e5    0x8  Code  Gb  usbd_desc.o [1]
USBD_FS_ManufacturerStrDescriptor
                         0x800'9501   0x14  Code  Gb  usbd_desc.o [1]
USBD_FS_ProductStrDescriptor
                         0x800'94ed   0x14  Code  Gb  usbd_desc.o [1]
USBD_FS_SerialStrDescriptor
                         0x800'9515   0x74  Code  Gb  usbd_desc.o [1]
USBD_GetString           0x800'7551   0x98  Code  Gb  usbd_ctlreq.o [1]
USBD_Init                0x800'5ea5   0x26  Code  Gb  usbd_core.o [1]
USBD_LL_ClearStallEP     0x800'57e7   0x1e  Code  Gb  usbd_conf.o [1]
USBD_LL_CloseEP          0x800'578d   0x1e  Code  Gb  usbd_conf.o [1]
USBD_LL_DataInStage      0x800'5fff   0xac  Code  Gb  usbd_core.o [1]
USBD_LL_DataOutStage     0x800'5f89   0x76  Code  Gb  usbd_core.o [1]
USBD_LL_DevConnected     0x800'61a7    0x4  Code  Gb  usbd_core.o [1]
USBD_LL_DevDisconnected
                         0x800'61ab   0x1e  Code  Gb  usbd_core.o [1]
USBD_LL_FlushEP          0x800'57ab   0x1e  Code  Gb  usbd_conf.o [1]
USBD_LL_GetRxDataSize    0x800'587f    0x8  Code  Gb  usbd_conf.o [1]
USBD_LL_Init             0x800'56f3   0x5a  Code  Gb  usbd_conf.o [1]
USBD_LL_IsStallEP        0x800'5805   0x20  Code  Gb  usbd_conf.o [1]
USBD_LL_IsoINIncomplete
                         0x800'615f   0x24  Code  Gb  usbd_core.o [1]
USBD_LL_IsoOUTIncomplete
                         0x800'6183   0x24  Code  Gb  usbd_core.o [1]
USBD_LL_OpenEP           0x800'576b   0x22  Code  Gb  usbd_conf.o [1]
USBD_LL_PrepareReceive   0x800'5861   0x1e  Code  Gb  usbd_conf.o [1]
USBD_LL_Reset            0x800'60ab   0x64  Code  Gb  usbd_core.o [1]
USBD_LL_Resume           0x800'6127   0x14  Code  Gb  usbd_core.o [1]
USBD_LL_SOF              0x800'613b   0x24  Code  Gb  usbd_core.o [1]
USBD_LL_SetSpeed         0x800'610f    0x6  Code  Gb  usbd_core.o [1]
USBD_LL_SetUSBAddress    0x800'5825   0x1e  Code  Gb  usbd_conf.o [1]
USBD_LL_SetupStage       0x800'5f25   0x64  Code  Gb  usbd_core.o [1]
USBD_LL_StallEP          0x800'57c9   0x1e  Code  Gb  usbd_conf.o [1]
USBD_LL_Start            0x800'574d   0x1e  Code  Gb  usbd_conf.o [1]
USBD_LL_Suspend          0x800'6115   0x12  Code  Gb  usbd_core.o [1]
USBD_LL_Transmit         0x800'5843   0x1e  Code  Gb  usbd_conf.o [1]
USBD_LangIDDesc         0x2000'0040    0x4  Data  Gb  usbd_desc.o [1]
USBD_MSC                0x2000'0060   0x38  Data  Gb  usbd_msc.o [1]
USBD_MSC_CfgFSDesc      0x2000'00b8   0x20  Data  Lc  usbd_msc.o [1]
USBD_MSC_CfgHSDesc      0x2000'0098   0x20  Data  Lc  usbd_msc.o [1]
USBD_MSC_DataIn          0x800'85fb    0xe  Code  Gb  usbd_msc.o [1]
USBD_MSC_DataOut         0x800'8609    0xe  Code  Gb  usbd_msc.o [1]
USBD_MSC_DeInit          0x800'84d7   0x3a  Code  Gb  usbd_msc.o [1]
USBD_MSC_DeviceQualifierDesc
                        0x2000'00f8    0xc  Data  Lc  usbd_msc.o [1]
USBD_MSC_GetDeviceQualifierDescriptor
                         0x800'862f    0x8  Code  Gb  usbd_msc.o [1]
USBD_MSC_GetFSCfgDesc    0x800'861f    0x8  Code  Gb  usbd_msc.o [1]
USBD_MSC_GetHSCfgDesc    0x800'8617    0x8  Code  Gb  usbd_msc.o [1]
USBD_MSC_GetOtherSpeedCfgDesc
                         0x800'8627    0x8  Code  Gb  usbd_msc.o [1]
USBD_MSC_Init            0x800'8475   0x62  Code  Gb  usbd_msc.o [1]
USBD_MSC_OtherSpeedCfgDesc
                        0x2000'00d8   0x20  Data  Lc  usbd_msc.o [1]
USBD_MSC_RegisterStorage
                         0x800'8649    0xe  Code  Gb  usbd_msc.o [1]
USBD_MSC_Setup           0x800'8511   0xea  Code  Gb  usbd_msc.o [1]
USBD_ParseSetupRequest   0x800'7513   0x28  Code  Gb  usbd_ctlreq.o [1]
USBD_RegisterClass       0x800'5ecb   0x2a  Code  Gb  usbd_core.o [1]
USBD_SetClassConfig      0x800'5ef9   0x18  Code  Gb  usbd_core.o [1]
USBD_SetConfig::cfgidx  0x2000'1911    0x1  Data  Lc  usbd_ctlreq.o [1]
USBD_Start               0x800'5ef5    0x4  Code  Gb  usbd_core.o [1]
USBD_StdDevReq           0x800'7029  0x31c  Code  Gb  usbd_ctlreq.o [1]
USBD_StdEPReq            0x800'73a1  0x172  Code  Gb  usbd_ctlreq.o [1]
USBD_StdItfReq           0x800'7349   0x58  Code  Gb  usbd_ctlreq.o [1]
USBD_Storage_Interface_fops_FS
                        0x2000'0148   0x20  Data  Gb  usbd_storage_if.o [1]
USBD_StrDesc            0x2000'14dc  0x200  Data  Gb  usbd_desc.o [1]
USBD_StringSerial       0x2000'0044   0x1c  Data  Gb  usbd_desc.o [1]
USBD_static_free         0x800'58a1    0x2  Code  Gb  usbd_conf.o [1]
USBD_static_malloc       0x800'5887    0x4  Code  Gb  usbd_conf.o [1]
USBD_static_malloc::mem
                        0x2000'1264  0x278  Data  Lc  usbd_conf.o [1]
USB_ActivateEndpoint     0x800'4507   0x76  Code  Gb  stm32f4xx_ll_usb.o [1]
USB_ActivateSetup        0x800'4a23   0x1c  Code  Gb  stm32f4xx_ll_usb.o [1]
USB_CoreInit             0x800'4035   0xd8  Code  Gb  stm32f4xx_ll_usb.o [1]
USB_DeactivateEndpoint   0x800'457d   0xb4  Code  Gb  stm32f4xx_ll_usb.o [1]
USB_DevConnect           0x800'4981   0x1c  Code  Gb  stm32f4xx_ll_usb.o [1]
USB_DevDisconnect        0x800'499d   0x1c  Code  Gb  stm32f4xx_ll_usb.o [1]
USB_DevInit              0x800'4255  0x23e  Code  Gb  stm32f4xx_ll_usb.o [1]
USB_DisableGlobalInt     0x800'41e5    0xc  Code  Gb  stm32f4xx_ll_usb.o [1]
USB_EP0StartXfer         0x800'47bb   0xd6  Code  Gb  stm32f4xx_ll_usb.o [1]
USB_EP0_OutStart         0x800'4a3f   0x46  Code  Gb  stm32f4xx_ll_usb.o [1]
USB_EPClearStall         0x800'4931   0x32  Code  Gb  stm32f4xx_ll_usb.o [1]
USB_EPSetStall           0x800'4901   0x30  Code  Gb  stm32f4xx_ll_usb.o [1]
USB_EPStartXfer          0x800'4631  0x18a  Code  Gb  stm32f4xx_ll_usb.o [1]
USB_EnableGlobalInt      0x800'41d9    0xc  Code  Gb  stm32f4xx_ll_usb.o [1]
USB_FlushRxFifo          0x800'44c1   0x2a  Code  Gb  stm32f4xx_ll_usb.o [1]
USB_FlushTxFifo          0x800'4493   0x2e  Code  Gb  stm32f4xx_ll_usb.o [1]
USB_GetDevSpeed          0x800'44eb   0x1c  Code  Gb  stm32f4xx_ll_usb.o [1]
USB_GetMode              0x800'4a1b    0x8  Code  Gb  stm32f4xx_ll_usb.o [1]
USB_ReadDevAllInEpInterrupt
                         0x800'49d1    0xe  Code  Gb  stm32f4xx_ll_usb.o [1]
USB_ReadDevAllOutEpInterrupt
                         0x800'49c3    0xe  Code  Gb  stm32f4xx_ll_usb.o [1]
USB_ReadDevInEPInterrupt
                         0x800'49f5   0x26  Code  Gb  stm32f4xx_ll_usb.o [1]
USB_ReadDevOutEPInterrupt
                         0x800'49df   0x16  Code  Gb  stm32f4xx_ll_usb.o [1]
USB_ReadInterrupts       0x800'49b9    0xa  Code  Gb  stm32f4xx_ll_usb.o [1]
USB_ReadPacket           0x800'48bd   0x44  Code  Gb  stm32f4xx_ll_usb.o [1]
USB_SetCurrentMode       0x800'41f1   0x62  Code  Gb  stm32f4xx_ll_usb.o [1]
USB_SetDevAddress        0x800'4965   0x1c  Code  Gb  stm32f4xx_ll_usb.o [1]
USB_SetTurnaroundTime    0x800'410d   0xcc  Code  Gb  stm32f4xx_ll_usb.o [1]
USB_WritePacket          0x800'4891   0x2c  Code  Gb  stm32f4xx_ll_usb.o [1]
USERPath                0x2000'18f4    0x4  Data  Gb  fatfs.o [1]
USER_Driver             0x2000'0168   0x14  Data  Gb  user_diskio.o [1]
USER_initialize          0x800'9def    0xe  Code  Gb  user_diskio.o [1]
USER_ioctl               0x800'9e27    0xe  Code  Gb  user_diskio.o [1]
USER_read                0x800'9e0b    0xe  Code  Gb  user_diskio.o [1]
USER_status              0x800'9dfd    0xe  Code  Gb  user_diskio.o [1]
USER_write               0x800'9e19    0xe  Code  Gb  user_diskio.o [1]
UsageFault_Handler       0x800'9cef    0x2  Code  Gb  stm32f4xx_it.o [1]
_Close_all               0x800'9e35   0x3c  Code  Gb  xcloseall.o [2]
_Files                  0x2000'028c   0x20  Data  Gb  xfiles.o [2]
_Fofree                  0x800'9a45   0x96  Code  Gb  xfofind.o [2]
_Fspos                   0x800'9609   0xd8  Code  Gb  xfspos.o [2]
_Fwprep                  0x800'996d   0xb4  Code  Gb  xfwprep.o [2]
_LitobFullNoMb           0x800'3125  0x10a  Code  Lc  xprintffull_nomb.o [2]
_Locale_lconv           0x2000'017c   0x38  Data  Lc  xlocale_c.o [2]
_Nnl                     0x800'978d    0xc  Code  Gb  xfgpos.o [2]
_PrintfFullNoMb          0x800'2369  0xd98  Code  Gb  xprintffull_nomb.o [2]
_Prout                   0x800'9f7b   0x16  Code  Gb  xprout.o [2]
_PutcharFullNoMb         0x800'3295   0x20  Code  Lc  xprintffull_nomb.o [2]
_PutcharsFullNoMb        0x800'32b5   0x2e  Code  Lc  xprintffull_nomb.o [2]
_SProut                  0x800'229b    0xa  Code  Gb  xsprout.o [2]
__aeabi_cdcmple          0x800'352d         Code  Gb  DblCmpLe.o [3]
__aeabi_cdrcmple         0x800'355d         Code  Gb  DblCmpGe.o [3]
__aeabi_d2iz             0x800'36c9         Code  Gb  DblToS32.o [3]
__aeabi_d2uiz            0x800'3a55         Code  Gb  DblToU32.o [3]
__aeabi_ddiv             0x800'380d         Code  Gb  DblDiv.o [3]
__aeabi_dmul             0x800'3a99         Code  Gb  DblMul.o [3]
__aeabi_dsub             0x800'3729         Code  Gb  DblSub.o [3]
__aeabi_i2d              0x800'3705         Code  Gb  S32ToDbl.o [3]
__aeabi_ldiv0            0x800'3fe9         Code  Gb  I64DivZer.o [4]
__aeabi_memclr           0x800'2295         Code  Gb  ABImemclr.o [4]
__aeabi_memclr4          0x800'7e05         Code  Gb  ABImemclr4.o [4]
__aeabi_memcpy           0x800'3415         Code  Gb  ABImemcpy.o [4]
__aeabi_memcpy4          0x800'3435         Code  Gb  ABImemcpy.o [4]
__aeabi_memcpy8          0x800'3435         Code  Gb  ABImemcpy.o [4]
__aeabi_memset           0x800'22a5         Code  Gb  ABImemset.o [4]
__aeabi_ui2d             0x800'3a7d         Code  Gb  U32ToDbl.o [3]
__aeabi_uldivmod         0x800'3c45         Code  Gb  I64DivMod.o [4]
__basic_free             0x800'9421   0x16  Code  Gb  heap0.o [2]
__basic_free_intern      0x800'9437   0x74  Code  Lc  heap0.o [2]
__basic_malloc           0x800'9375   0x18  Code  Gb  heap0.o [2]
__basic_malloc_intern    0x800'938d   0x94  Code  Lc  heap0.o [2]
__cexit_closeall         0x800'9f6f         Code  Gb  cexit.o [4]
__close                  0x800'9be3   0x18  Code  Gb  close.o [5]
__cmain                  0x800'9f45         Code  Gb  cmain.o [4]
__cstart_closeall        0x800'a0e8         Data  Gb  cstart_closeall.o [4]
__data_GetMemChunk       0x800'94b1   0x2c  Code  Gb  xgetmemchunk.o [2]
__data_GetMemChunk::start
                        0x2000'1908    0x4  Data  Lc  xgetmemchunk.o [2]
__dwrite                 0x800'9885   0x1e  Code  Gb  dwrite.o [5]
__exit                   0x800'3fed   0x14  Code  Gb  exit.o [5]
__iar_Fail_s             0x800'3345   0x1c  Code  Gb  xfail_s.o [2]
__iar_Memchr             0x800'33bd         Code  Gb  memchr.o [4]
__iar_Memset             0x800'22a5         Code  Gb  ABImemset.o [4]
__iar_Memset4_word       0x800'8659         Code  Gb  ABImemset48.o [4]
__iar_Memset8_word       0x800'8659         Code  Gb  ABImemset48.o [4]
__iar_Memset_word        0x800'22ad         Code  Gb  ABImemset.o [4]
__iar_Stderr            0x2000'0244   0x48  Data  Gb  xfiles.o [2]
__iar_Stdin             0x2000'01b4   0x48  Data  Gb  xfiles.o [2]
__iar_Stdout            0x2000'01fc   0x48  Data  Gb  xfiles.o [2]
__iar_Strchr             0x800'332d         Code  Gb  strchr.o [4]
__iar_close_ttio         0x800'4001   0x2c  Code  Wk  iarttio.o [5]
__iar_dadd               0x800'3739         Code  Gb  DblSub.o [3]
__iar_data_init3         0x800'9e71   0x28  Code  Gb  data_init.o [4]
__iar_dsub               0x800'3e7d         Code  Gb  DblAdd.o [3]
__iar_dsubStart          0x800'3e8f         Code  Gb  DblAdd.o [3]
__iar_frexp              0x800'34c9         Code  Gb  frexp.o [3]
__iar_frexpl             0x800'34c9         Code  Gb  frexp.o [3]
__iar_get_ttio           0x800'98e5   0x4c  Code  Gb  iarttio.o [5]
__iar_init_vfp           0x800'9ee1         Code  Gb  fpinit_M.o [3]
__iar_ldexp64            0x800'358d         Code  Gb  ldexp.o [3]
__iar_lookup_ttioh       0x800'402d    0x8  Code  Gb  XShttio.o [2]
__iar_lz77_init_single3
                         0x800'9c59   0x78  Code  Gb  lz77_init_single.o [4]
__iar_program_start      0x800'9fad         Code  Gb  cstartup_M.o [4]
__iar_scalbln64          0x800'358d         Code  Gb  ldexp.o [3]
__iar_scalbn64           0x800'358d         Code  Gb  ldexp.o [3]
__iar_sh_Discard         0x800'9c11   0x48  Code  Wk  XShHandles.o [2]
__iar_sh_Move            0x800'9839   0x4c  Code  Wk  XShHandles.o [2]
__iar_sh_Pos             0x800'97f5   0x44  Code  Gb  XShHandles.o [2]
__iar_sh_stdout          0x800'98a3   0x20  Code  Gb  iarwstd.o [5]
__iar_sh_write           0x800'98c3   0x22  Code  Gb  iarwrite.o [5]
__iar_softfp___iar_frexp64
                         0x800'34bd         Code  Gb  frexp.o [3]
__iar_softfp_frexp       0x800'34bd         Code  Gb  frexp.o [3]
__iar_softfp_frexpl      0x800'34bd         Code  Gb  frexp.o [3]
__iar_ttio_guard_lock    0x800'9935   0x24  Code  Wk  XShttio.o [2]
__iar_ttio_guard_unlock
                         0x800'9959   0x14  Code  Wk  XShttio.o [2]
__iar_ttio_handles      0x2000'02ac    0x8  Data  Lc  XShttio.o [2]
__iar_zero_init3         0x800'21db   0x3a  Code  Gb  zero_init3.o [4]
__low_level_init         0x800'9f63    0x4  Code  Gb  low_level_init.o [2]
__lseek                  0x800'9799   0x4a  Code  Gb  lseek.o [5]
__vector_table           0x800'0000         Data  Gb  startup_stm32f405xx.o [1]
__write                  0x800'97e3   0x10  Code  Gb  write.o [5]
_call_main               0x800'9f51         Code  Gb  cmain.o [4]
_exit                    0x800'9f6d         Code  Gb  cexit.o [4]
_main                    0x800'9f5f         Code  Gb  cmain.o [4]
abort                    0x800'3e75    0x6  Code  Gb  abort.o [2]
buffer                  0x2000'0544  0x400  Data  Gb  main.o [1]
check_fs                 0x800'0def   0x70  Code  Lc  ff.o [1]
chk_lock                 0x800'019f   0x66  Code  Lc  ff.o [1]
clear_lock               0x800'02af   0x18  Code  Lc  ff.o [1]
clmt_clust               0x800'0801   0x4c  Code  Lc  ff.o [1]
clust2sect               0x800'040f   0x1a  Code  Lc  ff.o [1]
create_chain             0x800'0757   0xaa  Code  Lc  ff.o [1]
curBufIdx               0x2000'0945    0x1  Data  Gb  main.o [1]
curBufOffset            0x2000'190e    0x2  Data  Gb  main.o [1]
curWavIdx               0x2000'1900    0x4  Data  Gb  main.o [1]
dec_lock                 0x800'027b   0x34  Code  Lc  ff.o [1]
dir_register             0x800'0885  0x1c2  Code  Lc  ff.o [1]
disk                    0x2000'18e4    0xc  Data  Gb  ff_gen_drv.o [1]
disk_initialize          0x800'2227   0x28  Code  Gb  diskio.o [1]
disk_ioctl               0x800'227b   0x16  Code  Gb  diskio.o [1]
disk_read                0x800'224f   0x16  Code  Gb  diskio.o [1]
disk_status              0x800'2215   0x12  Code  Gb  diskio.o [1]
disk_write               0x800'2265   0x16  Code  Gb  diskio.o [1]
ebuf                    0x2000'181c   0x50  Data  Lc  xfiles.o [2]
exit                     0x800'9f67    0x4  Code  Gb  exit.o [2]
f_close                  0x800'1ca3   0x2c  Code  Gb  ff.o [1]
f_getfree                0x800'1cd1  0x41a  Code  Gb  ff.o [1]
f_mount                  0x800'1225  0x3aa  Code  Gb  ff.o [1]
f_open                   0x800'15d5  0x22a  Code  Gb  ff.o [1]
f_puts                   0x800'2179   0x60  Code  Gb  ff.o [1]
f_read                   0x800'1815  0x19a  Code  Gb  ff.o [1]
f_sync                   0x800'1c07   0x9c  Code  Gb  ff.o [1]
f_write                  0x800'19b1  0x256  Code  Gb  ff.o [1]
fclose                   0x800'9b65   0x7e  Code  Gb  fclose.o [2]
fflush                   0x800'9755   0x34  Code  Gb  fflush.o [2]
fflushOne                0x800'96e1   0x74  Code  Lc  fflush.o [2]
file                    0x2000'0314  0x230  Data  Gb  main.o [1]
find_volume              0x800'0e5f  0x38c  Code  Lc  ff.o [1]
follow_path              0x800'0a49  0x32a  Code  Lc  ff.o [1]
fputc                    0x800'9d55   0x54  Code  Gb  fputc.o [2]
fre_clust               0x2000'094c    0x4  Data  Gb  main.o [1]
free                     0x800'9ae1    0x4  Code  Gb  heaptramp0.o [2]
free_space              0x2000'0954    0x4  Data  Gb  main.o [1]
fres                    0x2000'0944    0x1  Data  Gb  main.o [1]
fs                      0x2000'095c  0x230  Data  Gb  main.o [1]
fseek                    0x800'9a21   0x24  Code  Gb  fseek.o [2]
get_fat                  0x800'0429   0xc8  Code  Lc  ff.o [1]
get_fattime              0x800'2325    0x4  Code  Gb  fatfs.o [1]
get_ldnumber             0x800'0d85   0x6a  Code  Lc  ff.o [1]
hUsbDeviceFS            0x2000'0f94  0x2d0  Data  Gb  usb_device.o [1]
hdma_spi1_rx            0x2000'175c   0x60  Data  Gb  main.o [1]
hdma_spi1_tx            0x2000'17bc   0x60  Data  Gb  main.o [1]
hpcd_USB_OTG_FS         0x2000'0b8c  0x408  Data  Gb  usbd_conf.o [1]
hspi1                   0x2000'02bc   0x58  Data  Gb  main.o [1]
inc_lock                 0x800'0205   0x76  Code  Lc  ff.o [1]
ld_clust                 0x800'084d   0x1e  Code  Lc  ff.o [1]
ld_dword                 0x800'0189   0x16  Code  Lc  ff.o [1]
ldexp                    0x800'358d         Code  Gb  ldexp.o [3]
ldexpl                   0x800'358d         Code  Gb  ldexp.o [3]
localeconv               0x800'3c3d    0x4  Code  Gb  xlocale_c.o [2]
main                     0x800'61c9  0x2a8  Code  Gb  main.o [1]
memchr                   0x800'33bd         Code  Gb  memchr.o [4]
memset                   0x800'868b   0x14  Code  Gb  memset.o [4]
move_window              0x800'0323   0x34  Code  Lc  ff.o [1]
obuf                    0x2000'186c   0x50  Data  Lc  xfiles.o [2]
pfs                     0x2000'0948    0x4  Data  Gb  main.o [1]
printf                   0x800'7d49   0x28  Code  Gb  printf.o [2]
put_fat                  0x800'04f1  0x106  Code  Lc  ff.o [1]
putc_bfd                 0x800'2101   0x4a  Code  Lc  ff.o [1]
putc_flush               0x800'214b   0x2e  Code  Lc  ff.o [1]
putchar                  0x800'9f91    0xc  Code  Gb  putchar.o [2]
remove                   0x800'9bfb   0x14  Code  Gb  remove.o [5]
remove_chain             0x800'05f7  0x160  Code  Lc  ff.o [1]
retUSER                 0x2000'18f0    0x1  Data  Gb  fatfs.o [1]
sFileInfo               0x2000'16dc   0x80  Data  Lc  XShHandles.o [2]
scalbln                  0x800'358d         Code  Gb  ldexp.o [3]
scalblnl                 0x800'358d         Code  Gb  ldexp.o [3]
scalbn                   0x800'358d         Code  Gb  ldexp.o [3]
scalbnl                  0x800'358d         Code  Gb  ldexp.o [3]
scale                    0x800'322f   0x46  Code  Lc  xprintffull_nomb.o [2]
sec_hand                0x2000'1904    0x4  Data  Lc  xfail_s.o [2]
sprintf                  0x800'7d71   0x40  Code  Gb  sprintf.o [2]
st_clust                 0x800'086b   0x18  Code  Lc  ff.o [1]
stopFlag                0x2000'0947    0x1  Data  Gb  main.o [1]
strchr                   0x800'332d         Code  Gb  strchr.o [4]
strlen                   0x800'3385         Code  Gb  strlen.o [4]
sync_fs                  0x800'0357   0xb8  Code  Lc  ff.o [1]
sync_window              0x800'02cd   0x56  Code  Lc  ff.o [1]
total                   0x2000'0950    0x4  Data  Gb  main.o [1]
ttio_guard              0x2000'1912    0x1  Data  Lc  XShttio.o [2]
uwTick                  0x2000'0004    0x4  Data  Gb  stm32f4xx_hal.o [1]
uwTickFreq              0x2000'0000    0x1  Data  Gb  stm32f4xx_hal.o [1]
uwTickPrio              0x2000'0008    0x4  Data  Gb  stm32f4xx_hal.o [1]
validate                 0x800'11eb   0x3a  Code  Lc  ff.o [1]
wavDataSize             0x2000'0958    0x4  Data  Gb  main.o [1]
wavReadFlag             0x2000'0946    0x1  Data  Gb  main.o [1]


[1] = E:\KELKA\F405_Storage\EWARM\F405_Storage\Obj
[2] = dl7M_tlf.a
[3] = m7M_tls.a
[4] = rt7M_tl.a
[5] = shb_l.a

  40'947 bytes of readonly  code memory
     571 bytes of readonly  data memory
  12'561 bytes of readwrite data memory

Errors: none
Warnings: none
