###############################################################################
#
# IAR ELF Linker V8.50.1.245/W32 for ARM                  15/Sep/2022  10:35:56
# Copyright 2007-2020 IAR Systems AB.
#
#    Output file  =
#        E:\KELKA\F405_Storage\EWARM\F405_Storage\Exe\F405_Storage.out
#    Map file     =
#        E:\KELKA\F405_Storage\EWARM\F405_Storage\List\F405_Storage.map
#    Command line =
#        -f C:\Users\VASILT~1\AppData\Local\Temp\EW1307.tmp
#        (E:\KELKA\F405_Storage\EWARM\F405_Storage\Obj\diskio.o
#        E:\KELKA\F405_Storage\EWARM\F405_Storage\Obj\fatfs.o
#        E:\KELKA\F405_Storage\EWARM\F405_Storage\Obj\fatfs_sd.o
#        E:\KELKA\F405_Storage\EWARM\F405_Storage\Obj\ff.o
#        E:\KELKA\F405_Storage\EWARM\F405_Storage\Obj\ff_gen_drv.o
#        E:\KELKA\F405_Storage\EWARM\F405_Storage\Obj\main.o
#        E:\KELKA\F405_Storage\EWARM\F405_Storage\Obj\startup_stm32f405xx.o
#        E:\KELKA\F405_Storage\EWARM\F405_Storage\Obj\stm32f4xx_hal.o
#        E:\KELKA\F405_Storage\EWARM\F405_Storage\Obj\stm32f4xx_hal_cortex.o
#        E:\KELKA\F405_Storage\EWARM\F405_Storage\Obj\stm32f4xx_hal_dma.o
#        E:\KELKA\F405_Storage\EWARM\F405_Storage\Obj\stm32f4xx_hal_dma_ex.o
#        E:\KELKA\F405_Storage\EWARM\F405_Storage\Obj\stm32f4xx_hal_exti.o
#        E:\KELKA\F405_Storage\EWARM\F405_Storage\Obj\stm32f4xx_hal_flash.o
#        E:\KELKA\F405_Storage\EWARM\F405_Storage\Obj\stm32f4xx_hal_flash_ex.o
#        E:\KELKA\F405_Storage\EWARM\F405_Storage\Obj\stm32f4xx_hal_flash_ramfunc.o
#        E:\KELKA\F405_Storage\EWARM\F405_Storage\Obj\stm32f4xx_hal_gpio.o
#        E:\KELKA\F405_Storage\EWARM\F405_Storage\Obj\stm32f4xx_hal_msp.o
#        E:\KELKA\F405_Storage\EWARM\F405_Storage\Obj\stm32f4xx_hal_pcd.o
#        E:\KELKA\F405_Storage\EWARM\F405_Storage\Obj\stm32f4xx_hal_pcd_ex.o
#        E:\KELKA\F405_Storage\EWARM\F405_Storage\Obj\stm32f4xx_hal_pwr.o
#        E:\KELKA\F405_Storage\EWARM\F405_Storage\Obj\stm32f4xx_hal_pwr_ex.o
#        E:\KELKA\F405_Storage\EWARM\F405_Storage\Obj\stm32f4xx_hal_rcc.o
#        E:\KELKA\F405_Storage\EWARM\F405_Storage\Obj\stm32f4xx_hal_rcc_ex.o
#        E:\KELKA\F405_Storage\EWARM\F405_Storage\Obj\stm32f4xx_hal_spi.o
#        E:\KELKA\F405_Storage\EWARM\F405_Storage\Obj\stm32f4xx_hal_tim.o
#        E:\KELKA\F405_Storage\EWARM\F405_Storage\Obj\stm32f4xx_hal_tim_ex.o
#        E:\KELKA\F405_Storage\EWARM\F405_Storage\Obj\stm32f4xx_it.o
#        E:\KELKA\F405_Storage\EWARM\F405_Storage\Obj\stm32f4xx_ll_usb.o
#        E:\KELKA\F405_Storage\EWARM\F405_Storage\Obj\syscall.o
#        E:\KELKA\F405_Storage\EWARM\F405_Storage\Obj\system_stm32f4xx.o
#        E:\KELKA\F405_Storage\EWARM\F405_Storage\Obj\usb_device.o
#        E:\KELKA\F405_Storage\EWARM\F405_Storage\Obj\usbd_conf.o
#        E:\KELKA\F405_Storage\EWARM\F405_Storage\Obj\usbd_core.o
#        E:\KELKA\F405_Storage\EWARM\F405_Storage\Obj\usbd_ctlreq.o
#        E:\KELKA\F405_Storage\EWARM\F405_Storage\Obj\usbd_desc.o
#        E:\KELKA\F405_Storage\EWARM\F405_Storage\Obj\usbd_ioreq.o
#        E:\KELKA\F405_Storage\EWARM\F405_Storage\Obj\usbd_msc.o
#        E:\KELKA\F405_Storage\EWARM\F405_Storage\Obj\usbd_msc_bot.o
#        E:\KELKA\F405_Storage\EWARM\F405_Storage\Obj\usbd_msc_data.o
#        E:\KELKA\F405_Storage\EWARM\F405_Storage\Obj\usbd_msc_scsi.o
#        E:\KELKA\F405_Storage\EWARM\F405_Storage\Obj\usbd_storage_if.o
#        E:\KELKA\F405_Storage\EWARM\F405_Storage\Obj\user_diskio.o
#        --no_out_extension -o
#        E:\KELKA\F405_Storage\EWARM\F405_Storage\Exe\F405_Storage.out
#        --redirect _Printf=_PrintfFullNoMb --redirect _Scanf=_ScanfFullNoMb
#        --map E:\KELKA\F405_Storage\EWARM\F405_Storage\List\F405_Storage.map
#        --config E:\KELKA\F405_Storage\EWARM\stm32f405xx_flash.icf
#        --semihosting --entry __iar_program_start --vfe --text_out locale)
#
###############################################################################

*******************************************************************************
*** RUNTIME MODEL ATTRIBUTES
***

CppFlavor       = *
__Heap_Handler  = Basic
__SystemLibrary = DLib
__dlib_version  = 6


*******************************************************************************
*** HEAP SELECTION
***

The basic heap was selected because no calls to memory allocation
functions were found in the application outside of system library
functions, and there are calls to deallocation functions in the
application.


*******************************************************************************
*** PLACEMENT SUMMARY
***

"A0":  place at address 0x800'0000 { ro section .intvec };
"P1":  place in [from 0x800'0000 to 0x80f'ffff] { ro };
define block CSTACK with size = 8K, alignment = 8 { };
define block HEAP with size = 4K, alignment = 8 { };
"P2":  place in [from 0x2000'0000 to 0x2001'ffff] {
          rw, block CSTACK, block HEAP };
initialize by copy { rw };

  Section            Kind         Address    Size  Object
  -------            ----         -------    ----  ------
"A0":                                       0x188
  .intvec            ro code   0x800'0000   0x188  startup_stm32f405xx.o [1]
                             - 0x800'0188   0x188

"P1":                                      0xa3ca
  .text              ro code   0x800'0188  0x1900  ff.o [1]
  .text              ro code   0x800'1a88    0xb0  diskio.o [1]
  .text              ro code   0x800'1b38    0x20  fatfs.o [1]
  .text              ro code   0x800'1b58    0x50  ff_gen_drv.o [1]
  .text              ro code   0x800'1ba8   0xfc2  xprintffull_nomb.o [2]
  .text              ro code   0x800'2b6a    0x3a  zero_init3.o [4]
  .text              ro code   0x800'2ba4    0x16  strchr.o [4]
  .text              ro code   0x800'2bba     0xa  xsprout.o [2]
  .text              ro code   0x800'2bc4    0x40  xfail_s.o [2]
  .text              ro code   0x800'2c04    0x36  strlen.o [4]
  .rodata            const     0x800'2c3a     0x2  xlocale_c.o [2]
  .text              ro code   0x800'2c3c    0x58  memchr.o [4]
  .text              ro code   0x800'2c94    0xa6  ABImemcpy.o [4]
  .rodata            const     0x800'2d3a     0x1  xlocale_c.o [2]
  .text              ro code   0x800'2d3c    0x70  frexp.o [3]
  .text              ro code   0x800'2dac    0x2e  DblCmpLe.o [3]
  .text              ro code   0x800'2ddc    0x2e  DblCmpGe.o [3]
  .text              ro code   0x800'2e0c   0x13a  ldexp.o [3]
  .text              ro code   0x800'2f48    0x3a  DblToS32.o [3]
  .text              ro code   0x800'2f84    0x22  S32ToDbl.o [3]
  .text              ro code   0x800'2fa8    0xe2  DblSub.o [3]
  .text              ro code   0x800'308c   0x246  DblDiv.o [3]
  .text              ro code   0x800'32d4    0x28  DblToU32.o [3]
  .text              ro code   0x800'32fc    0x1a  U32ToDbl.o [3]
  .text              ro code   0x800'3318   0x1a2  DblMul.o [3]
  .text              ro code   0x800'34bc     0x8  xlocale_c.o [2]
  .text              ro code   0x800'34c4   0x230  I64DivMod.o [4]
  .text              ro code   0x800'36f4     0x6  abort.o [2]
  .text              ro code   0x800'36fc   0x16a  DblAdd.o [3]
  .text              ro code   0x800'3868     0x2  I64DivZer.o [4]
  .text              ro code   0x800'386c    0x14  exit.o [5]
  .text              ro code   0x800'3880    0x2c  iarttio.o [5]
  .text              ro code   0x800'38ac     0x8  XShttio.o [2]
  .text              ro code   0x800'38b4   0xf50  stm32f4xx_ll_usb.o [1]
  .text              ro code   0x800'4804    0x28  stm32f4xx_hal.o [1]
  .text              ro code   0x800'482c     0xc  stm32f4xx_hal.o [1]
  .text              ro code   0x800'4838   0xc78  usbd_msc_scsi.o [1]
  .text              ro code   0x800'54b0   0x370  usbd_conf.o [1]
  .text              ro code   0x800'5820   0x2de  usbd_msc_bot.o [1]
  .text              ro code   0x800'5b00    0x66  ABImemset.o [4]
  .text              ro code   0x800'5b68   0x224  stm32f4xx_hal_gpio.o [1]
  .text              ro code   0x800'5d8c   0x12c  stm32f4xx_hal_cortex.o [1]
  .text              ro code   0x800'5eb8   0x3d2  usbd_core.o [1]
  .text              ro code   0x800'628c   0x348  main.o [1]
  .text              ro code   0x800'65d4   0xc1c  stm32f4xx_hal_pcd.o [1]
  .text              ro code   0x800'71f0    0x6c  stm32f4xx_hal_pcd_ex.o [1]
  .text              ro code   0x800'725c   0x80c  usbd_ctlreq.o [1]
  .text              ro code   0x800'7a68    0x66  usbd_ioreq.o [1]
  .text              ro code   0x800'7ad0    0x34  stm32f4xx_hal.o [1]
  .text              ro code   0x800'7b04    0x28  printf.o [2]
  .text              ro code   0x800'7b2c    0x40  sprintf.o [2]
  .text              ro code   0x800'7b6c    0x58  usb_device.o [1]
  .text              ro code   0x800'7bc4   0x3c4  stm32f4xx_hal_rcc.o [1]
  .text              ro code   0x800'7f88   0x1d8  stm32f4xx_hal_rcc.o [1]
  .text              ro code   0x800'8160   0x5cc  stm32f4xx_hal_spi.o [1]
  .text              ro code   0x800'872c    0x4c  stm32f4xx_hal.o [1]
  .text              ro code   0x800'8778   0x13c  stm32f4xx_hal_msp.o [1]
  .text              ro code   0x800'88b4   0x258  usbd_msc.o [1]
  .text              ro code   0x800'8b0c    0x14  memset.o [4]
  .text              ro code   0x800'8b20   0x3b0  stm32f4xx_hal_dma.o [1]
  .text              ro code   0x800'8ed0   0x6bc  fatfs_sd.o [1]
  .text              ro code   0x800'958c   0x13c  heap0.o [2]
  .text              ro code   0x800'96c8    0x2c  xgetmemchunk.o [2]
  .text              ro code   0x800'96f4   0x136  usbd_desc.o [1]
  .text              ro code   0x800'982a    0xd8  xfspos.o [2]
  .text              ro code   0x800'9904    0xac  fflush.o [2]
  .text              ro code   0x800'99b0     0xc  xfgpos.o [2]
  .text              ro code   0x800'99bc    0x4a  lseek.o [5]
  .text              ro code   0x800'9a06    0x10  write.o [5]
  .text              ro code   0x800'9a18    0x44  XShHandles.o [2]
  .text              ro code   0x800'9a5c    0x4c  XShHandles.o [2]
  .text              ro code   0x800'9aa8    0x1e  dwrite.o [5]
  .text              ro code   0x800'9ac6    0x20  iarwstd.o [5]
  .text              ro code   0x800'9ae6    0x22  iarwrite.o [5]
  .text              ro code   0x800'9b08    0x50  iarttio.o [5]
  .text              ro code   0x800'9b58    0x24  XShttio.o [2]
  .text              ro code   0x800'9b7c    0x14  XShttio.o [2]
  .text              ro code   0x800'9b90    0xb4  xfwprep.o [2]
  .text              ro code   0x800'9c44    0x24  fseek.o [2]
  .text              ro code   0x800'9c68    0x9c  xfofind.o [2]
  .text              ro code   0x800'9d04     0x4  heaptramp0.o [2]
  .text              ro code   0x800'9d08    0x84  stm32f4xx_it.o [1]
  .text              ro code   0x800'9d8c    0x18  stm32f4xx_hal.o [1]
  .rodata            const     0x800'9da4    0x80  ff.o [1]
  .text              ro code   0x800'9e24    0x7e  fclose.o [2]
  .text              ro code   0x800'9ea2    0x18  close.o [5]
  .text              ro code   0x800'9eba    0x14  remove.o [5]
  .text              ro code   0x800'9ed0    0x48  XShHandles.o [2]
  .text              ro code   0x800'9f18    0x78  lz77_init_single.o [4]
  .text              ro code   0x800'9f90    0x54  fputc.o [2]
  .text              ro code   0x800'9fe4    0x44  usbd_storage_if.o [1]
  .text              ro code   0x800'a028    0x3e  user_diskio.o [1]
  .text              ro code   0x800'a068    0x3c  xcloseall.o [2]
  .text              ro code   0x800'a0a4    0x28  data_init.o [4]
  .rodata            const     0x800'a0cc    0x24  main.o [1]
  .rodata            const     0x800'a0f0    0x24  usbd_storage_if.o [1]
  .text              ro code   0x800'a114    0x22  fpinit_M.o [3]
  .iar.init_table    const     0x800'a138    0x20  - Linker created -
  .text              ro code   0x800'a158    0x1e  cmain.o [4]
  .text              ro code   0x800'a176     0x4  low_level_init.o [2]
  .text              ro code   0x800'a17a     0x4  exit.o [2]
  .text              ro code   0x800'a180     0xe  cexit.o [4]
  .rodata            const     0x800'a190    0x1c  main.o [1]
  .rodata            const     0x800'a1ac    0x1c  main.o [1]
  .rodata            const     0x800'a1c8    0x18  main.o [1]
  .text              ro code   0x800'a1e0    0x16  xprout.o [2]
  .text              ro code   0x800'a1f8     0xc  putchar.o [2]
  .rodata            const     0x800'a204    0x14  usbd_desc.o [1]
  .rodata            const     0x800'a218    0x14  usbd_desc.o [1]
  .rodata            const     0x800'a22c    0x10  ff.o [1]
  .rodata            const     0x800'a23c    0x10  main.o [1]
  .rodata            const     0x800'a24c    0x10  system_stm32f4xx.o [1]
  .rodata            const     0x800'a25c    0x10  usbd_desc.o [1]
  .text              ro code   0x800'a26c    0x10  startup_stm32f405xx.o [1]
  .text              ro code   0x800'a27c    0x10  system_stm32f4xx.o [1]
  .rodata            const     0x800'a28c     0xc  main.o [1]
  .rodata            const     0x800'a298     0xc  main.o [1]
  .rodata            const     0x800'a2a4     0xc  main.o [1]
  .rodata            const     0x800'a2b0     0xc  usbd_desc.o [1]
  .text              ro code   0x800'a2bc     0xc  cstartup_M.o [4]
  .rodata            const     0x800'a2c8     0x8  main.o [1]
  .rodata            const     0x800'a2d0     0x8  stm32f4xx_hal_dma.o [1]
  .rodata            const     0x800'a2d8     0x8  xprintffull_nomb.o [2]
  .text              ro code   0x800'a2e0     0x4  startup_stm32f405xx.o [1]
  .text              ro code   0x800'a2e4     0x4  startup_stm32f405xx.o [1]
  .text              ro code   0x800'a2e8     0x4  startup_stm32f405xx.o [1]
  .text              ro code   0x800'a2ec     0x4  startup_stm32f405xx.o [1]
  .text              ro code   0x800'a2f0     0x4  startup_stm32f405xx.o [1]
  .text              ro code   0x800'a2f4     0x4  startup_stm32f405xx.o [1]
  .text              ro code   0x800'a2f8     0x4  startup_stm32f405xx.o [1]
  .text              ro code   0x800'a2fc     0x4  startup_stm32f405xx.o [1]
  .text              ro code   0x800'a300     0x4  startup_stm32f405xx.o [1]
  .text              ro code   0x800'a304     0x4  startup_stm32f405xx.o [1]
  .text              ro code   0x800'a308     0x4  startup_stm32f405xx.o [1]
  .text              ro code   0x800'a30c     0x4  startup_stm32f405xx.o [1]
  .text              ro code   0x800'a310     0x4  startup_stm32f405xx.o [1]
  .text              ro code   0x800'a314     0x4  startup_stm32f405xx.o [1]
  .text              ro code   0x800'a318     0x4  startup_stm32f405xx.o [1]
  .text              ro code   0x800'a31c     0x4  startup_stm32f405xx.o [1]
  .text              ro code   0x800'a320     0x4  startup_stm32f405xx.o [1]
  .text              ro code   0x800'a324     0x4  startup_stm32f405xx.o [1]
  .text              ro code   0x800'a328     0x4  startup_stm32f405xx.o [1]
  .text              ro code   0x800'a32c     0x4  startup_stm32f405xx.o [1]
  .text              ro code   0x800'a330     0x4  startup_stm32f405xx.o [1]
  .text              ro code   0x800'a334     0x4  startup_stm32f405xx.o [1]
  .text              ro code   0x800'a338     0x4  startup_stm32f405xx.o [1]
  .text              ro code   0x800'a33c     0x4  startup_stm32f405xx.o [1]
  .text              ro code   0x800'a340     0x4  startup_stm32f405xx.o [1]
  .text              ro code   0x800'a344     0x4  startup_stm32f405xx.o [1]
  .text              ro code   0x800'a348     0x4  startup_stm32f405xx.o [1]
  .text              ro code   0x800'a34c     0x4  startup_stm32f405xx.o [1]
  .text              ro code   0x800'a350     0x4  startup_stm32f405xx.o [1]
  .text              ro code   0x800'a354     0x4  startup_stm32f405xx.o [1]
  .text              ro code   0x800'a358     0x4  startup_stm32f405xx.o [1]
  .text              ro code   0x800'a35c     0x4  startup_stm32f405xx.o [1]
  .text              ro code   0x800'a360     0x4  startup_stm32f405xx.o [1]
  .text              ro code   0x800'a364     0x4  startup_stm32f405xx.o [1]
  .text              ro code   0x800'a368     0x4  startup_stm32f405xx.o [1]
  .text              ro code   0x800'a36c     0x4  startup_stm32f405xx.o [1]
  .text              ro code   0x800'a370     0x4  startup_stm32f405xx.o [1]
  .text              ro code   0x800'a374     0x4  startup_stm32f405xx.o [1]
  .text              ro code   0x800'a378     0x4  startup_stm32f405xx.o [1]
  .text              ro code   0x800'a37c     0x4  startup_stm32f405xx.o [1]
  .text              ro code   0x800'a380     0x4  startup_stm32f405xx.o [1]
  .text              ro code   0x800'a384     0x4  startup_stm32f405xx.o [1]
  .text              ro code   0x800'a388     0x4  startup_stm32f405xx.o [1]
  .text              ro code   0x800'a38c     0x4  startup_stm32f405xx.o [1]
  .text              ro code   0x800'a390     0x4  startup_stm32f405xx.o [1]
  .text              ro code   0x800'a394     0x4  startup_stm32f405xx.o [1]
  .text              ro code   0x800'a398     0x4  startup_stm32f405xx.o [1]
  .text              ro code   0x800'a39c     0x4  startup_stm32f405xx.o [1]
  .text              ro code   0x800'a3a0     0x4  startup_stm32f405xx.o [1]
  .text              ro code   0x800'a3a4     0x4  startup_stm32f405xx.o [1]
  .text              ro code   0x800'a3a8     0x4  startup_stm32f405xx.o [1]
  .text              ro code   0x800'a3ac     0x4  startup_stm32f405xx.o [1]
  .text              ro code   0x800'a3b0     0x4  startup_stm32f405xx.o [1]
  .text              ro code   0x800'a3b4     0x4  startup_stm32f405xx.o [1]
  .text              ro code   0x800'a3b8     0x4  startup_stm32f405xx.o [1]
  .text              ro code   0x800'a3bc     0x4  startup_stm32f405xx.o [1]
  .text              ro code   0x800'a3c0     0x4  startup_stm32f405xx.o [1]
  .text              ro code   0x800'a3c4     0x4  startup_stm32f405xx.o [1]
  .text              ro code   0x800'a3c8     0x4  startup_stm32f405xx.o [1]
  .text              ro code   0x800'a3cc     0x4  startup_stm32f405xx.o [1]
  .text              ro code   0x800'a3d0     0x4  startup_stm32f405xx.o [1]
  .text              ro code   0x800'a3d4     0x4  startup_stm32f405xx.o [1]
  .text              ro code   0x800'a3d8     0x4  startup_stm32f405xx.o [1]
  .text              ro code   0x800'a3dc     0x4  startup_stm32f405xx.o [1]
  .text              ro code   0x800'a3e0     0x4  startup_stm32f405xx.o [1]
  .text              ro code   0x800'a3e4     0x4  startup_stm32f405xx.o [1]
  .text              ro code   0x800'a3e8     0x4  startup_stm32f405xx.o [1]
  .text              ro code   0x800'a3ec     0x4  startup_stm32f405xx.o [1]
  .text              ro code   0x800'a3f0     0x4  startup_stm32f405xx.o [1]
  .text              ro code   0x800'a3f4     0x4  startup_stm32f405xx.o [1]
  .text              ro code   0x800'a3f8     0x4  startup_stm32f405xx.o [1]
  .text              ro code   0x800'a3fc     0x4  startup_stm32f405xx.o [1]
  .text              ro code   0x800'a400     0x4  startup_stm32f405xx.o [1]
  .text              ro code   0x800'a404     0x4  startup_stm32f405xx.o [1]
  .text              ro code   0x800'a408     0x4  startup_stm32f405xx.o [1]
  .text              ro code   0x800'a40c     0x0  cstart_closeall.o [4]
  .rodata            const     0x800'a40c     0x0  zero_init3.o [4]
  .rodata            const     0x800'a40c     0x0  lz77_init_single.o [4]
  Initializer bytes  const     0x800'a40c   0x146  <for P2-1>
                             - 0x800'a552  0xa3ca

"P2", part 1 of 3:                          0x2ae
  P2-1                        0x2000'0000   0x2ae  <Init block>
    .data            inited   0x2000'0000     0x4  stm32f4xx_hal.o [1]
    .data            inited   0x2000'0004     0x4  system_stm32f4xx.o [1]
    .data            inited   0x2000'0008    0x1c  usbd_desc.o [1]
    .data            inited   0x2000'0024    0x14  usbd_desc.o [1]
    .data            inited   0x2000'0038     0x4  usbd_desc.o [1]
    .data            inited   0x2000'003c    0x1c  usbd_desc.o [1]
    .data            inited   0x2000'0058    0x38  usbd_msc.o [1]
    .data            inited   0x2000'0090    0x20  usbd_msc.o [1]
    .data            inited   0x2000'00b0    0x20  usbd_msc.o [1]
    .data            inited   0x2000'00d0    0x20  usbd_msc.o [1]
    .data            inited   0x2000'00f0     0xc  usbd_msc.o [1]
    .data            inited   0x2000'00fc     0x8  usbd_msc_data.o [1]
    .data            inited   0x2000'0104     0x8  usbd_msc_data.o [1]
    .data            inited   0x2000'010c    0x18  usbd_msc_data.o [1]
    .data            inited   0x2000'0124    0x1c  usbd_msc_data.o [1]
    .data            inited   0x2000'0140    0x20  usbd_storage_if.o [1]
    .data            inited   0x2000'0160    0x14  user_diskio.o [1]
    .data            inited   0x2000'0174    0x38  xlocale_c.o [2]
    .data            inited   0x2000'01ac    0x48  xfiles.o [2]
    .data            inited   0x2000'01f4    0x48  xfiles.o [2]
    .data            inited   0x2000'023c    0x48  xfiles.o [2]
    .data            inited   0x2000'0284    0x20  xfiles.o [2]
    .data            inited   0x2000'02a4     0x8  XShttio.o [2]
    .data            inited   0x2000'02ac     0x1  fatfs_sd.o [1]
    .data            inited   0x2000'02ad     0x1  stm32f4xx_hal.o [1]
                            - 0x2000'02ae   0x2ae

"P2", part 2 of 3:                         0x1650
  .bss               zero     0x2000'02b0   0x408  usbd_conf.o [1]
  .bss               zero     0x2000'06b8   0x400  main.o [1]
  .bss               zero     0x2000'0ab8   0x2d0  usb_device.o [1]
  .bss               zero     0x2000'0d88   0x278  usbd_conf.o [1]
  .bss               zero     0x2000'1000   0x230  main.o [1]
  .bss               zero     0x2000'1230   0x230  main.o [1]
  .bss               zero     0x2000'1460   0x200  usbd_desc.o [1]
  .bss               zero     0x2000'1660    0x80  XShHandles.o [2]
  .bss               zero     0x2000'16e0    0x60  main.o [1]
  .bss               zero     0x2000'1740    0x60  main.o [1]
  .bss               zero     0x2000'17a0    0x58  main.o [1]
  .bss               zero     0x2000'17f8    0x50  xfiles.o [2]
  .bss               zero     0x2000'1848    0x50  xfiles.o [2]
  .bss               zero     0x2000'1898    0x20  ff.o [1]
  .bss               zero     0x2000'18b8     0xc  ff_gen_drv.o [1]
  .bss               zero     0x2000'18c4     0x8  heap0.o [2]
  .bss               zero     0x2000'18cc     0x4  fatfs.o [1]
  .bss               zero     0x2000'18d0     0x4  ff.o [1]
  .bss               zero     0x2000'18d4     0x4  main.o [1]
  .bss               zero     0x2000'18d8     0x4  main.o [1]
  .bss               zero     0x2000'18dc     0x4  main.o [1]
  .bss               zero     0x2000'18e0     0x4  main.o [1]
  .bss               zero     0x2000'18e4     0x4  stm32f4xx_hal.o [1]
  .bss               zero     0x2000'18e8     0x4  xfail_s.o [2]
  .bss               zero     0x2000'18ec     0x4  xgetmemchunk.o [2]
  .bss               zero     0x2000'18f0     0x2  fatfs_sd.o [1]
  .bss               zero     0x2000'18f2     0x2  fatfs_sd.o [1]
  .bss               zero     0x2000'18f4     0x2  ff.o [1]
  .bss               zero     0x2000'18f6     0x1  fatfs.o [1]
  .bss               zero     0x2000'18f7     0x1  fatfs_sd.o [1]
  .bss               zero     0x2000'18f8     0x1  fatfs_sd.o [1]
  .bss               zero     0x2000'18f9     0x1  main.o [1]
  .bss               zero     0x2000'18fa     0x1  stm32f4xx_it.o [1]
  .bss               zero     0x2000'18fb     0x1  usbd_ctlreq.o [1]
  .bss               zero     0x2000'18fc     0x1  XShttio.o [2]
                            - 0x2000'18fd  0x164d

"P2", part 3 of 3:                         0x3000
  CSTACK                      0x2000'1900  0x2000  <Block>
    CSTACK           uninit   0x2000'1900  0x2000  <Block tail>
  HEAP                        0x2000'3900  0x1000  <Block>
    HEAP             uninit   0x2000'3900  0x1000  <Block tail>
                            - 0x2000'4900  0x3000

Unused ranges:

         From           To      Size
         ----           --      ----
   0x800'a552   0x80f'ffff  0xf'5aae
  0x2000'02ae  0x2000'02af       0x2
  0x2000'4900  0x2001'ffff  0x1'b700


*******************************************************************************
*** INIT TABLE
***

          Address      Size
          -------      ----
Zero (__iar_zero_init3)
    1 destination range, total size 0x164d:
          0x2000'02b0  0x164d

Copy/lz77 (__iar_lz77_init_single3)
    1 source range, total size 0x146 (47% of destination):
           0x800'a40c   0x146
    1 destination range, total size 0x2ae:
          0x2000'0000   0x2ae



*******************************************************************************
*** MODULE SUMMARY
***

    Module                  ro code  ro data  rw data
    ------                  -------  -------  -------
command line/config:
    -------------------------------------------------
    Total:

E:\KELKA\F405_Storage\EWARM\F405_Storage\Obj: [1]
    diskio.o                    176
    fatfs.o                      32                 5
    fatfs_sd.o                1'724                 7
    ff.o                      6'400      144       38
    ff_gen_drv.o                 80                12
    main.o                      840      176    2'441
    startup_stm32f405xx.o       708
    stm32f4xx_hal.o             204        2        9
    stm32f4xx_hal_cortex.o      300
    stm32f4xx_hal_dma.o         944        8
    stm32f4xx_hal_gpio.o        548
    stm32f4xx_hal_msp.o         316
    stm32f4xx_hal_pcd.o       3'100
    stm32f4xx_hal_pcd_ex.o      108
    stm32f4xx_hal_rcc.o       1'436
    stm32f4xx_hal_spi.o       1'484
    stm32f4xx_it.o              132                 1
    stm32f4xx_ll_usb.o        3'920
    system_stm32f4xx.o           16       18        4
    usb_device.o                 88               720
    usbd_conf.o                 880             1'664
    usbd_core.o                 978
    usbd_ctlreq.o             2'060                 1
    usbd_desc.o                 310      106      592
    usbd_ioreq.o                102
    usbd_msc.o                  600       78      164
    usbd_msc_bot.o              734
    usbd_msc_data.o                       33       68
    usbd_msc_scsi.o           3'192
    usbd_storage_if.o            68       51       32
    user_diskio.o                62        9       20
    -------------------------------------------------
    Total:                   31'542      625    5'778

dl7M_tlf.a: [2]
    XShHandles.o                216               128
    XShttio.o                    64        4        9
    abort.o                       6
    exit.o                        4
    fclose.o                    126
    fflush.o                    172
    fputc.o                      84
    fseek.o                      36
    heap0.o                     316                 8
    heaptramp0.o                  4
    low_level_init.o              4
    printf.o                     40
    putchar.o                    12
    sprintf.o                    64
    xcloseall.o                  60
    xfail_s.o                    64                 4
    xfgpos.o                     12
    xfiles.o                             118      408
    xfofind.o                   156
    xfspos.o                    216
    xfwprep.o                   180
    xgetmemchunk.o               44                 4
    xlocale_c.o                   8       30       56
    xprintffull_nomb.o        4'034        8
    xprout.o                     22
    xsprout.o                    10
    -------------------------------------------------
    Total:                    5'954      160      617

m7M_tls.a: [3]
    DblAdd.o                    362
    DblCmpGe.o                   46
    DblCmpLe.o                   46
    DblDiv.o                    582
    DblMul.o                    418
    DblSub.o                    226
    DblToS32.o                   58
    DblToU32.o                   40
    S32ToDbl.o                   34
    U32ToDbl.o                   26
    fpinit_M.o                   34
    frexp.o                     112
    ldexp.o                     314
    -------------------------------------------------
    Total:                    2'298

rt7M_tl.a: [4]
    ABImemcpy.o                 166
    ABImemset.o                 102
    I64DivMod.o                 560
    I64DivZer.o                   2
    cexit.o                      14
    cmain.o                      30
    cstart_closeall.o
    cstartup_M.o                 12
    data_init.o                  40
    lz77_init_single.o          120
    memchr.o                     88
    memset.o                     20
    strchr.o                     22
    strlen.o                     54
    zero_init3.o                 58
    -------------------------------------------------
    Total:                    1'288

shb_l.a: [5]
    close.o                      24
    dwrite.o                     30
    exit.o                       20
    iarttio.o                   124
    iarwrite.o                   34
    iarwstd.o                    32
    lseek.o                      74
    remove.o                     20
    write.o                      16
    -------------------------------------------------
    Total:                      374

    Gaps                         45        4
    Linker created                        32   12'288
-----------------------------------------------------
    Grand Total:             41'501      821   18'683


*******************************************************************************
*** ENTRY LIST
***

Entry                       Address   Size  Type      Object
-----                       -------   ----  ----      ------
.iar.init_table$$Base    0x800'a138          --   Gb  - Linker created -
.iar.init_table$$Limit   0x800'a158          --   Gb  - Linker created -
?main                    0x800'a159         Code  Gb  cmain.o [4]
AHBPrescTable            0x800'a24c   0x10  Data  Gb  system_stm32f4xx.o [1]
Aldata                  0x2000'18c4    0x8  Data  Lc  heap0.o [2]
BusFault_Handler         0x800'9d2d    0x2  Code  Gb  stm32f4xx_it.o [1]
CSTACK$$Base            0x2000'1900          --   Gb  - Linker created -
CSTACK$$Limit           0x2000'3900          --   Gb  - Linker created -
CardType                0x2000'18f7    0x1  Data  Lc  fatfs_sd.o [1]
DESELECT                 0x800'8ee1   0x10  Code  Lc  fatfs_sd.o [1]
DMA2_Stream0_IRQHandler
                         0x800'9d3f    0xa  Code  Gb  stm32f4xx_it.o [1]
DMA2_Stream3_IRQHandler
                         0x800'9d49    0xa  Code  Gb  stm32f4xx_it.o [1]
DMA_CalcBaseAndBitshift
                         0x800'8e0b   0x30  Code  Lc  stm32f4xx_hal_dma.o [1]
DMA_CalcBaseAndBitshift::flagBitshiftOffset
                         0x800'a2d0    0x8  Data  Lc  stm32f4xx_hal_dma.o [1]
DMA_CheckFifoParam       0x800'8e49   0x88  Code  Lc  stm32f4xx_hal_dma.o [1]
DebugMon_Handler         0x800'9d33    0x2  Code  Gb  stm32f4xx_it.o [1]
Error_Handler            0x800'65d1    0x4  Code  Gb  main.o [1]
ExCvt                    0x800'9da4   0x80  Data  Lc  ff.o [1]
FATFS_LinkDriver         0x800'1b9b    0xa  Code  Gb  ff_gen_drv.o [1]
FATFS_LinkDriverEx       0x800'1b59   0x42  Code  Gb  ff_gen_drv.o [1]
FS_Desc                 0x2000'0008   0x1c  Data  Gb  usbd_desc.o [1]
FatFs                   0x2000'18d0    0x4  Data  Lc  ff.o [1]
FatFsCnt                0x2000'18fa    0x1  Data  Gb  stm32f4xx_it.o [1]
Files                   0x2000'1898   0x20  Data  Lc  ff.o [1]
Fsid                    0x2000'18f4    0x2  Data  Lc  ff.o [1]
Get_SerialNum            0x800'9785   0x2c  Code  Lc  usbd_desc.o [1]
HAL_DMA_IRQHandler       0x800'8c01  0x20a  Code  Gb  stm32f4xx_hal_dma.o [1]
HAL_DMA_Init             0x800'8b21   0xe0  Code  Gb  stm32f4xx_hal_dma.o [1]
HAL_Delay                0x800'4805   0x28  Code  Wk  stm32f4xx_hal.o [1]
HAL_GPIO_Init            0x800'5b69  0x1d6  Code  Gb  stm32f4xx_hal_gpio.o [1]
HAL_GPIO_WritePin        0x800'5d3f   0x14  Code  Gb  stm32f4xx_hal_gpio.o [1]
HAL_GetTick              0x800'482d    0xc  Code  Wk  stm32f4xx_hal.o [1]
HAL_IncTick              0x800'9d8d   0x18  Code  Wk  stm32f4xx_hal.o [1]
HAL_Init                 0x800'7ad1   0x30  Code  Gb  stm32f4xx_hal.o [1]
HAL_InitTick             0x800'872d   0x4c  Code  Wk  stm32f4xx_hal.o [1]
HAL_MspInit              0x800'8779   0x36  Code  Gb  stm32f4xx_hal_msp.o [1]
HAL_NVIC_EnableIRQ       0x800'5e85    0xa  Code  Gb  stm32f4xx_hal_cortex.o [1]
HAL_NVIC_SetPriority     0x800'5e63   0x22  Code  Gb  stm32f4xx_hal_cortex.o [1]
HAL_NVIC_SetPriorityGrouping
                         0x800'5e5b    0x8  Code  Gb  stm32f4xx_hal_cortex.o [1]
HAL_PCDEx_LPM_Callback   0x800'725b    0x2  Code  Wk  stm32f4xx_hal_pcd_ex.o [1]
HAL_PCDEx_SetRxFiFo      0x800'7251    0xa  Code  Gb  stm32f4xx_hal_pcd_ex.o [1]
HAL_PCDEx_SetTxFiFo      0x800'71f1   0x60  Code  Gb  stm32f4xx_hal_pcd_ex.o [1]
HAL_PCD_ConnectCallback
                         0x800'561b    0xc  Code  Gb  usbd_conf.o [1]
HAL_PCD_DataInStageCallback
                         0x800'5565   0x1c  Code  Gb  usbd_conf.o [1]
HAL_PCD_DataOutStageCallback
                         0x800'5547   0x1e  Code  Gb  usbd_conf.o [1]
HAL_PCD_DisconnectCallback
                         0x800'5627    0xc  Code  Gb  usbd_conf.o [1]
HAL_PCD_EP_Close         0x800'6d05   0x66  Code  Gb  stm32f4xx_hal_pcd.o [1]
HAL_PCD_EP_ClrStall      0x800'6eb5   0x7c  Code  Gb  stm32f4xx_hal_pcd.o [1]
HAL_PCD_EP_Flush         0x800'6f31   0x3c  Code  Gb  stm32f4xx_hal_pcd.o [1]
HAL_PCD_EP_GetRxCount    0x800'6dc1   0x12  Code  Gb  stm32f4xx_hal_pcd.o [1]
HAL_PCD_EP_Open          0x800'6c7f   0x86  Code  Gb  stm32f4xx_hal_pcd.o [1]
HAL_PCD_EP_Receive       0x800'6d6b   0x56  Code  Gb  stm32f4xx_hal_pcd.o [1]
HAL_PCD_EP_SetStall      0x800'6e27   0x8e  Code  Gb  stm32f4xx_hal_pcd.o [1]
HAL_PCD_EP_Transmit      0x800'6dd3   0x54  Code  Gb  stm32f4xx_hal_pcd.o [1]
HAL_PCD_IRQHandler       0x800'678b  0x4c8  Code  Gb  stm32f4xx_hal_pcd.o [1]
HAL_PCD_ISOINIncompleteCallback
                         0x800'560d    0xe  Code  Gb  usbd_conf.o [1]
HAL_PCD_ISOOUTIncompleteCallback
                         0x800'55ff    0xe  Code  Gb  usbd_conf.o [1]
HAL_PCD_Init             0x800'65d5  0x174  Code  Gb  stm32f4xx_hal_pcd.o [1]
HAL_PCD_MspInit          0x800'54b1   0x86  Code  Gb  usbd_conf.o [1]
HAL_PCD_ResetCallback    0x800'558d   0x34  Code  Gb  usbd_conf.o [1]
HAL_PCD_ResumeCallback   0x800'55f3    0xc  Code  Gb  usbd_conf.o [1]
HAL_PCD_SOFCallback      0x800'5581    0xc  Code  Gb  usbd_conf.o [1]
HAL_PCD_SetAddress       0x800'6c53   0x2c  Code  Gb  stm32f4xx_hal_pcd.o [1]
HAL_PCD_SetupStageCallback
                         0x800'5537   0x10  Code  Gb  usbd_conf.o [1]
HAL_PCD_Start            0x800'6749   0x42  Code  Gb  stm32f4xx_hal_pcd.o [1]
HAL_PCD_SuspendCallback
                         0x800'55c1   0x32  Code  Gb  usbd_conf.o [1]
HAL_RCC_ClockConfig      0x800'7f89  0x13a  Code  Gb  stm32f4xx_hal_rcc.o [1]
HAL_RCC_GetHCLKFreq      0x800'80c3    0x6  Code  Gb  stm32f4xx_hal_rcc.o [1]
HAL_RCC_OscConfig        0x800'7bc5  0x3c4  Code  Wk  stm32f4xx_hal_rcc.o [1]
HAL_SPI_Init             0x800'8161   0xce  Code  Gb  stm32f4xx_hal_spi.o [1]
HAL_SPI_MspInit          0x800'87af   0xe0  Code  Gb  stm32f4xx_hal_msp.o [1]
HAL_SPI_Transmit         0x800'822f  0x1aa  Code  Gb  stm32f4xx_hal_spi.o [1]
HAL_SPI_TransmitReceive
                         0x800'83d9  0x21e  Code  Gb  stm32f4xx_hal_spi.o [1]
HAL_SYSTICK_Config       0x800'5e8f    0x8  Code  Gb  stm32f4xx_hal_cortex.o [1]
HEAP$$Base              0x2000'3900          --   Gb  - Linker created -
HEAP$$Limit             0x2000'4900          --   Gb  - Linker created -
HardFault_Handler        0x800'9d29    0x2  Code  Gb  stm32f4xx_it.o [1]
IntToUnicode             0x800'97dd   0x4e  Code  Lc  usbd_desc.o [1]
MSC_BOT_Abort            0x800'5a79   0x4a  Code  Lc  usbd_msc_bot.o [1]
MSC_BOT_CBW_Decode       0x800'5933   0xce  Code  Lc  usbd_msc_bot.o [1]
MSC_BOT_CplClrFeature    0x800'5ac3   0x3c  Code  Gb  usbd_msc_bot.o [1]
MSC_BOT_DataIn           0x800'58b3   0x42  Code  Gb  usbd_msc_bot.o [1]
MSC_BOT_DataOut          0x800'58f5   0x3e  Code  Gb  usbd_msc_bot.o [1]
MSC_BOT_DeInit           0x800'58a5    0xe  Code  Gb  usbd_msc_bot.o [1]
MSC_BOT_Init             0x800'5821   0x50  Code  Gb  usbd_msc_bot.o [1]
MSC_BOT_Reset            0x800'5871   0x34  Code  Gb  usbd_msc_bot.o [1]
MSC_BOT_SendCSW          0x800'5a39   0x38  Code  Gb  usbd_msc_bot.o [1]
MSC_BOT_SendData         0x800'5a01   0x38  Code  Lc  usbd_msc_bot.o [1]
MSC_Mode_Sense10_data   0x2000'0124   0x1c  Data  Gb  usbd_msc_data.o [1]
MSC_Mode_Sense6_data    0x2000'010c   0x18  Data  Gb  usbd_msc_data.o [1]
MSC_Page00_Inquiry_Data
                        0x2000'00fc    0x8  Data  Gb  usbd_msc_data.o [1]
MSC_Page80_Inquiry_Data
                        0x2000'0104    0x8  Data  Gb  usbd_msc_data.o [1]
MX_DMA_Init              0x800'64b7   0x3c  Code  Lc  main.o [1]
MX_FATFS_Init            0x800'1b39   0x10  Code  Gb  fatfs.o [1]
MX_GPIO_Init             0x800'64f9   0x66  Code  Lc  main.o [1]
MX_SPI1_Init             0x800'6471   0x46  Code  Lc  main.o [1]
MX_USB_DEVICE_Init       0x800'7b6d   0x58  Code  Gb  usb_device.o [1]
MemManage_Handler        0x800'9d2b    0x2  Code  Gb  stm32f4xx_it.o [1]
NMI_Handler              0x800'9d27    0x2  Code  Gb  stm32f4xx_it.o [1]
NVIC_EncodePriority      0x800'5df1   0x3c  Code  Lc  stm32f4xx_hal_cortex.o [1]
OTG_FS_IRQHandler        0x800'9d53   0x20  Code  Gb  stm32f4xx_it.o [1]
PCD_EP_OutSetupPacket_int
                         0x800'719b   0x4c  Code  Lc  stm32f4xx_hal_pcd.o [1]
PCD_EP_OutXfrComplete_int
                         0x800'7055  0x146  Code  Lc  stm32f4xx_hal_pcd.o [1]
PCD_WriteEmptyTxFifo     0x800'6f6d   0xe8  Code  Lc  stm32f4xx_hal_pcd.o [1]
PendSV_Handler           0x800'9d35    0x2  Code  Gb  stm32f4xx_it.o [1]
PowerFlag               0x2000'18f8    0x1  Data  Lc  fatfs_sd.o [1]
Region$$Table$$Base      0x800'a138          --   Gb  - Linker created -
Region$$Table$$Limit     0x800'a158          --   Gb  - Linker created -
SCSI_AllowPreventRemovable
                         0x800'4e01   0x2a  Code  Lc  usbd_msc_scsi.o [1]
SCSI_CheckAddressRange   0x800'52d5   0x2e  Code  Lc  usbd_msc_scsi.o [1]
SCSI_Inquiry             0x800'4997   0x98  Code  Lc  usbd_msc_scsi.o [1]
SCSI_ModeSense10         0x800'4c61   0x2e  Code  Lc  usbd_msc_scsi.o [1]
SCSI_ModeSense6          0x800'4c33   0x2e  Code  Lc  usbd_msc_scsi.o [1]
SCSI_ProcessCmd          0x800'4839   0xde  Code  Gb  usbd_msc_scsi.o [1]
SCSI_ProcessRead         0x800'5303   0xac  Code  Lc  usbd_msc_scsi.o [1]
SCSI_ProcessWrite        0x800'53af   0xd0  Code  Lc  usbd_msc_scsi.o [1]
SCSI_Read10              0x800'4e2b   0xf4  Code  Lc  usbd_msc_scsi.o [1]
SCSI_Read12              0x800'4f1f  0x100  Code  Lc  usbd_msc_scsi.o [1]
SCSI_ReadCapacity10      0x800'4a2f   0x90  Code  Lc  usbd_msc_scsi.o [1]
SCSI_ReadCapacity16      0x800'4abf   0xd4  Code  Lc  usbd_msc_scsi.o [1]
SCSI_ReadFormatCapacity
                         0x800'4b93   0xa0  Code  Lc  usbd_msc_scsi.o [1]
SCSI_RequestSense        0x800'4ca1   0xaa  Code  Lc  usbd_msc_scsi.o [1]
SCSI_SenseCode           0x800'4d4b   0x48  Code  Gb  usbd_msc_scsi.o [1]
SCSI_StartStopUnit       0x800'4d93   0x6e  Code  Lc  usbd_msc_scsi.o [1]
SCSI_TestUnitReady       0x800'4917   0x80  Code  Lc  usbd_msc_scsi.o [1]
SCSI_UpdateBotData       0x800'547f   0x32  Code  Lc  usbd_msc_scsi.o [1]
SCSI_Verify10            0x800'528f   0x46  Code  Lc  usbd_msc_scsi.o [1]
SCSI_Write10             0x800'501f  0x12e  Code  Lc  usbd_msc_scsi.o [1]
SCSI_Write12             0x800'514d  0x142  Code  Lc  usbd_msc_scsi.o [1]
SDTimer_Handler          0x800'9d09   0x1e  Code  Gb  stm32f4xx_it.o [1]
SD_CheckPower            0x800'8ff9    0x8  Code  Lc  fatfs_sd.o [1]
SD_PowerOff              0x800'8fef    0xa  Code  Lc  fatfs_sd.o [1]
SD_PowerOn               0x800'8f81   0x6e  Code  Lc  fatfs_sd.o [1]
SD_ReadyWait             0x800'8f5f   0x22  Code  Lc  fatfs_sd.o [1]
SD_RxDataBlock           0x800'9001   0x48  Code  Lc  fatfs_sd.o [1]
SD_SendCmd               0x800'90b5   0x82  Code  Lc  fatfs_sd.o [1]
SD_TxDataBlock           0x800'9049   0x6c  Code  Lc  fatfs_sd.o [1]
SD_disk_initialize       0x800'9137  0x160  Code  Gb  fatfs_sd.o [1]
SD_disk_ioctl            0x800'93fd  0x174  Code  Gb  fatfs_sd.o [1]
SD_disk_read             0x800'92a7   0x9a  Code  Gb  fatfs_sd.o [1]
SD_disk_status           0x800'9297   0x10  Code  Gb  fatfs_sd.o [1]
SD_disk_write            0x800'9341   0xbc  Code  Gb  fatfs_sd.o [1]
SELECT                   0x800'8ed1   0x10  Code  Lc  fatfs_sd.o [1]
SPI_EndRxTxTransaction   0x800'86c9   0x5a  Code  Lc  stm32f4xx_hal_spi.o [1]
SPI_RxByte               0x800'8f29   0x2a  Code  Lc  fatfs_sd.o [1]
SPI_RxBytePtr            0x800'8f53    0xc  Code  Lc  fatfs_sd.o [1]
SPI_TxBuffer             0x800'8f0b   0x1e  Code  Lc  fatfs_sd.o [1]
SPI_TxByte               0x800'8ef1   0x1a  Code  Lc  fatfs_sd.o [1]
SPI_WaitFlagStateUntilTimeout
                         0x800'85f7   0xd2  Code  Lc  stm32f4xx_hal_spi.o [1]
STORAGE_GetCapacity_FS   0x800'9ff1   0x10  Code  Lc  usbd_storage_if.o [1]
STORAGE_GetMaxLun_FS     0x800'a025    0x4  Code  Lc  usbd_storage_if.o [1]
STORAGE_Init_FS          0x800'9fe5    0xc  Code  Lc  usbd_storage_if.o [1]
STORAGE_Inquirydata_FS   0x800'a0f0   0x24  Data  Gb  usbd_storage_if.o [1]
STORAGE_IsReady_FS       0x800'a001    0x4  Code  Lc  usbd_storage_if.o [1]
STORAGE_IsWriteProtected_FS
                         0x800'a005    0x4  Code  Lc  usbd_storage_if.o [1]
STORAGE_Read_FS          0x800'a009    0xe  Code  Lc  usbd_storage_if.o [1]
STORAGE_Write_FS         0x800'a017    0xe  Code  Lc  usbd_storage_if.o [1]
SVC_Handler              0x800'9d31    0x2  Code  Gb  stm32f4xx_it.o [1]
SWAPBYTE                 0x800'725d   0x10  Code  Lc  usbd_ctlreq.o [1]
Stat                    0x2000'02ac    0x1  Data  Lc  fatfs_sd.o [1]
SysTick_Config           0x800'5e2d   0x2e  Code  Lc  stm32f4xx_hal_cortex.o [1]
SysTick_Handler          0x800'9d37    0x8  Code  Gb  stm32f4xx_it.o [1]
SystemClock_Config       0x800'63c7   0xaa  Code  Gb  main.o [1]
SystemCoreClock         0x2000'0004    0x4  Data  Gb  system_stm32f4xx.o [1]
SystemInit               0x800'a27d    0xc  Code  Gb  system_stm32f4xx.o [1]
Timer1                  0x2000'18f0    0x2  Data  Gb  fatfs_sd.o [1]
Timer2                  0x2000'18f2    0x2  Data  Gb  fatfs_sd.o [1]
USBD_ClrClassConfig      0x800'5f49   0x18  Code  Gb  usbd_core.o [1]
USBD_ClrFeature          0x800'799d   0x24  Code  Lc  usbd_ctlreq.o [1]
USBD_CtlContinueRx       0x800'7a93   0x10  Code  Gb  usbd_ioreq.o [1]
USBD_CtlContinueSendData
                         0x800'7a83   0x10  Code  Gb  usbd_ioreq.o [1]
USBD_CtlError            0x800'79f1   0x16  Code  Gb  usbd_ctlreq.o [1]
USBD_CtlReceiveStatus    0x800'7ab9   0x16  Code  Gb  usbd_ioreq.o [1]
USBD_CtlSendData         0x800'7a69   0x1a  Code  Gb  usbd_ioreq.o [1]
USBD_CtlSendStatus       0x800'7aa3   0x16  Code  Gb  usbd_ioreq.o [1]
USBD_FS_ConfigStrDescriptor
                         0x800'9745   0x20  Code  Gb  usbd_desc.o [1]
USBD_FS_DeviceDesc      0x2000'0024   0x14  Data  Gb  usbd_desc.o [1]
USBD_FS_DeviceDescriptor
                         0x800'96f5    0x8  Code  Gb  usbd_desc.o [1]
USBD_FS_InterfaceStrDescriptor
                         0x800'9765   0x20  Code  Gb  usbd_desc.o [1]
USBD_FS_LangIDStrDescriptor
                         0x800'96fd    0x8  Code  Gb  usbd_desc.o [1]
USBD_FS_ManufacturerStrDescriptor
                         0x800'9725   0x12  Code  Gb  usbd_desc.o [1]
USBD_FS_ProductStrDescriptor
                         0x800'9705   0x20  Code  Gb  usbd_desc.o [1]
USBD_FS_SerialStrDescriptor
                         0x800'9737    0xe  Code  Gb  usbd_desc.o [1]
USBD_GetConfig           0x800'790d   0x3e  Code  Lc  usbd_ctlreq.o [1]
USBD_GetDescriptor       0x800'75b1  0x206  Code  Lc  usbd_ctlreq.o [1]
USBD_GetLen              0x800'7a55   0x14  Code  Lc  usbd_ctlreq.o [1]
USBD_GetStatus           0x800'794b   0x3e  Code  Lc  usbd_ctlreq.o [1]
USBD_GetString           0x800'7a07   0x4e  Code  Gb  usbd_ctlreq.o [1]
USBD_Get_USB_Status      0x800'57f7   0x2a  Code  Gb  usbd_conf.o [1]
USBD_Init                0x800'5eb9   0x34  Code  Gb  usbd_core.o [1]
USBD_LL_ClearStallEP     0x800'5727   0x1a  Code  Gb  usbd_conf.o [1]
USBD_LL_CloseEP          0x800'56d9   0x1a  Code  Gb  usbd_conf.o [1]
USBD_LL_DataInStage      0x800'6057   0xe6  Code  Gb  usbd_core.o [1]
USBD_LL_DataOutStage     0x800'5fc5   0x92  Code  Gb  usbd_core.o [1]
USBD_LL_DevConnected     0x800'6267    0x4  Code  Gb  usbd_core.o [1]
USBD_LL_DevDisconnected
                         0x800'626b   0x20  Code  Gb  usbd_core.o [1]
USBD_LL_FlushEP          0x800'56f3   0x1a  Code  Gb  usbd_conf.o [1]
USBD_LL_GetRxDataSize    0x800'57c3    0xe  Code  Gb  usbd_conf.o [1]
USBD_LL_Init             0x800'5633   0x6a  Code  Gb  usbd_conf.o [1]
USBD_LL_IsStallEP        0x800'5741   0x34  Code  Gb  usbd_conf.o [1]
USBD_LL_IsoINIncomplete
                         0x800'620b   0x2e  Code  Gb  usbd_core.o [1]
USBD_LL_IsoOUTIncomplete
                         0x800'6239   0x2e  Code  Gb  usbd_core.o [1]
USBD_LL_OpenEP           0x800'56b5   0x24  Code  Gb  usbd_conf.o [1]
USBD_LL_PrepareReceive   0x800'57a9   0x1a  Code  Gb  usbd_conf.o [1]
USBD_LL_Reset            0x800'613d   0x76  Code  Gb  usbd_core.o [1]
USBD_LL_Resume           0x800'61cb   0x14  Code  Gb  usbd_core.o [1]
USBD_LL_SOF              0x800'61df   0x2c  Code  Gb  usbd_core.o [1]
USBD_LL_SetSpeed         0x800'61b3    0x6  Code  Gb  usbd_core.o [1]
USBD_LL_SetUSBAddress    0x800'5775   0x1a  Code  Gb  usbd_conf.o [1]
USBD_LL_SetupStage       0x800'5f61   0x64  Code  Gb  usbd_core.o [1]
USBD_LL_StallEP          0x800'570d   0x1a  Code  Gb  usbd_conf.o [1]
USBD_LL_Start            0x800'569d   0x18  Code  Gb  usbd_conf.o [1]
USBD_LL_Suspend          0x800'61b9   0x12  Code  Gb  usbd_core.o [1]
USBD_LL_Transmit         0x800'578f   0x1a  Code  Gb  usbd_conf.o [1]
USBD_LangIDDesc         0x2000'0038    0x4  Data  Gb  usbd_desc.o [1]
USBD_MSC                0x2000'0058   0x38  Data  Gb  usbd_msc.o [1]
USBD_MSC_CfgFSDesc      0x2000'00b0   0x20  Data  Lc  usbd_msc.o [1]
USBD_MSC_CfgHSDesc      0x2000'0090   0x20  Data  Lc  usbd_msc.o [1]
USBD_MSC_DataIn          0x800'8ab5    0xc  Code  Gb  usbd_msc.o [1]
USBD_MSC_DataOut         0x800'8ac1    0xc  Code  Gb  usbd_msc.o [1]
USBD_MSC_DeInit          0x800'892d   0x3e  Code  Gb  usbd_msc.o [1]
USBD_MSC_DeviceQualifierDesc
                        0x2000'00f0    0xc  Data  Lc  usbd_msc.o [1]
USBD_MSC_GetDeviceQualifierDescriptor
                         0x800'8ae5    0x8  Code  Gb  usbd_msc.o [1]
USBD_MSC_GetFSCfgDesc    0x800'8ad5    0x8  Code  Gb  usbd_msc.o [1]
USBD_MSC_GetHSCfgDesc    0x800'8acd    0x8  Code  Gb  usbd_msc.o [1]
USBD_MSC_GetOtherSpeedCfgDesc
                         0x800'8add    0x8  Code  Gb  usbd_msc.o [1]
USBD_MSC_Init            0x800'88b5   0x78  Code  Gb  usbd_msc.o [1]
USBD_MSC_OtherSpeedCfgDesc
                        0x2000'00d0   0x20  Data  Lc  usbd_msc.o [1]
USBD_MSC_RegisterStorage
                         0x800'8afd   0x10  Code  Gb  usbd_msc.o [1]
USBD_MSC_Setup           0x800'896b  0x14a  Code  Gb  usbd_msc.o [1]
USBD_ParseSetupRequest   0x800'79c1   0x30  Code  Gb  usbd_ctlreq.o [1]
USBD_RegisterClass       0x800'5eed   0x32  Code  Gb  usbd_core.o [1]
USBD_RunTestMode         0x800'5f27    0x4  Code  Gb  usbd_core.o [1]
USBD_SetAddress          0x800'77b7   0x5e  Code  Lc  usbd_ctlreq.o [1]
USBD_SetClassConfig      0x800'5f2b   0x1e  Code  Gb  usbd_core.o [1]
USBD_SetConfig           0x800'7815   0xf4  Code  Lc  usbd_ctlreq.o [1]
USBD_SetConfig::cfgidx  0x2000'18fb    0x1  Data  Lc  usbd_ctlreq.o [1]
USBD_SetFeature          0x800'7989   0x14  Code  Lc  usbd_ctlreq.o [1]
USBD_Start               0x800'5f1f    0x8  Code  Gb  usbd_core.o [1]
USBD_StdDevReq           0x800'726d   0x7e  Code  Gb  usbd_ctlreq.o [1]
USBD_StdEPReq            0x800'735b  0x256  Code  Gb  usbd_ctlreq.o [1]
USBD_StdItfReq           0x800'72eb   0x70  Code  Gb  usbd_ctlreq.o [1]
USBD_Storage_Interface_fops_FS
                        0x2000'0140   0x20  Data  Gb  usbd_storage_if.o [1]
USBD_StrDesc            0x2000'1460  0x200  Data  Gb  usbd_desc.o [1]
USBD_StringSerial       0x2000'003c   0x1c  Data  Gb  usbd_desc.o [1]
USBD_static_free         0x800'57f5    0x2  Code  Gb  usbd_conf.o [1]
USBD_static_malloc       0x800'57d1    0x4  Code  Gb  usbd_conf.o [1]
USBD_static_malloc::mem
                        0x2000'0d88  0x278  Data  Lc  usbd_conf.o [1]
USB_ActivateEndpoint     0x800'3d05   0xba  Code  Gb  stm32f4xx_ll_usb.o [1]
USB_ActivateSetup        0x800'470d   0x24  Code  Gb  stm32f4xx_ll_usb.o [1]
USB_CoreInit             0x800'38b5   0x80  Code  Gb  stm32f4xx_ll_usb.o [1]
USB_CoreReset            0x800'47a7   0x42  Code  Lc  stm32f4xx_ll_usb.o [1]
USB_DeactivateEndpoint   0x800'3dbf  0x12c  Code  Gb  stm32f4xx_ll_usb.o [1]
USB_DevConnect           0x800'4645   0x24  Code  Gb  stm32f4xx_ll_usb.o [1]
USB_DevDisconnect        0x800'4669   0x24  Code  Gb  stm32f4xx_ll_usb.o [1]
USB_DevInit              0x800'3a89  0x1f0  Code  Gb  stm32f4xx_ll_usb.o [1]
USB_DisableGlobalInt     0x800'3a13    0xc  Code  Gb  stm32f4xx_ll_usb.o [1]
USB_EP0StartXfer         0x800'4285  0x1dc  Code  Gb  stm32f4xx_ll_usb.o [1]
USB_EP0_OutStart         0x800'4731   0x76  Code  Gb  stm32f4xx_ll_usb.o [1]
USB_EPClearStall         0x800'4591   0x8a  Code  Gb  stm32f4xx_ll_usb.o [1]
USB_EPSetStall           0x800'44fd   0x94  Code  Gb  stm32f4xx_ll_usb.o [1]
USB_EPStartXfer          0x800'3eeb  0x34e  Code  Gb  stm32f4xx_ll_usb.o [1]
USB_EnableGlobalInt      0x800'3a07    0xc  Code  Gb  stm32f4xx_ll_usb.o [1]
USB_FlushRxFifo          0x800'3ca5   0x28  Code  Gb  stm32f4xx_ll_usb.o [1]
USB_FlushTxFifo          0x800'3c79   0x2c  Code  Gb  stm32f4xx_ll_usb.o [1]
USB_GetDevSpeed          0x800'3ce1   0x24  Code  Gb  stm32f4xx_ll_usb.o [1]
USB_GetMode              0x800'4705    0x8  Code  Gb  stm32f4xx_ll_usb.o [1]
USB_ReadDevAllInEpInterrupt
                         0x800'46ab   0x14  Code  Gb  stm32f4xx_ll_usb.o [1]
USB_ReadDevAllOutEpInterrupt
                         0x800'4697   0x14  Code  Gb  stm32f4xx_ll_usb.o [1]
USB_ReadDevInEPInterrupt
                         0x800'46d7   0x2e  Code  Gb  stm32f4xx_ll_usb.o [1]
USB_ReadDevOutEPInterrupt
                         0x800'46bf   0x18  Code  Gb  stm32f4xx_ll_usb.o [1]
USB_ReadInterrupts       0x800'468d    0xa  Code  Gb  stm32f4xx_ll_usb.o [1]
USB_ReadPacket           0x800'449f   0x5e  Code  Gb  stm32f4xx_ll_usb.o [1]
USB_SetCurrentMode       0x800'3a1f   0x6a  Code  Gb  stm32f4xx_ll_usb.o [1]
USB_SetDevAddress        0x800'461b   0x2a  Code  Gb  stm32f4xx_ll_usb.o [1]
USB_SetDevSpeed          0x800'3ccd   0x14  Code  Gb  stm32f4xx_ll_usb.o [1]
USB_SetTurnaroundTime    0x800'3935   0xd2  Code  Gb  stm32f4xx_ll_usb.o [1]
USB_WritePacket          0x800'4461   0x3e  Code  Gb  stm32f4xx_ll_usb.o [1]
USERPath                0x2000'18cc    0x4  Data  Gb  fatfs.o [1]
USER_Driver             0x2000'0160   0x14  Data  Gb  user_diskio.o [1]
USER_initialize          0x800'a029    0xc  Code  Gb  user_diskio.o [1]
USER_ioctl               0x800'a059    0xe  Code  Gb  user_diskio.o [1]
USER_read                0x800'a041    0xc  Code  Gb  user_diskio.o [1]
USER_status              0x800'a035    0xc  Code  Gb  user_diskio.o [1]
USER_write               0x800'a04d    0xc  Code  Gb  user_diskio.o [1]
UsageFault_Handler       0x800'9d2f    0x2  Code  Gb  stm32f4xx_it.o [1]
_Close_all               0x800'a069   0x3c  Code  Gb  xcloseall.o [2]
_Files                  0x2000'0284   0x20  Data  Gb  xfiles.o [2]
_Fofree                  0x800'9c69   0x96  Code  Gb  xfofind.o [2]
_Fspos                   0x800'982b   0xd8  Code  Gb  xfspos.o [2]
_Fwprep                  0x800'9b91   0xb4  Code  Gb  xfwprep.o [2]
_LitobFullNoMb           0x800'2965  0x10a  Code  Lc  xprintffull_nomb.o [2]
_Locale_lconv           0x2000'0174   0x38  Data  Lc  xlocale_c.o [2]
_Nnl                     0x800'99b1    0xc  Code  Gb  xfgpos.o [2]
_PrintfFullNoMb          0x800'1ba9  0xd98  Code  Gb  xprintffull_nomb.o [2]
_Prout                   0x800'a1e1   0x16  Code  Gb  xprout.o [2]
_PutcharFullNoMb         0x800'2ad5   0x20  Code  Lc  xprintffull_nomb.o [2]
_PutcharsFullNoMb        0x800'2af5   0x2e  Code  Lc  xprintffull_nomb.o [2]
_SProut                  0x800'2bbb    0xa  Code  Gb  xsprout.o [2]
__NVIC_EnableIRQ         0x800'5db1   0x1c  Code  Lc  stm32f4xx_hal_cortex.o [1]
__NVIC_GetPriorityGrouping
                         0x800'5da7    0xa  Code  Lc  stm32f4xx_hal_cortex.o [1]
__NVIC_SetPriority       0x800'5dcd   0x24  Code  Lc  stm32f4xx_hal_cortex.o [1]
__NVIC_SetPriorityGrouping
                         0x800'5d8d   0x1a  Code  Lc  stm32f4xx_hal_cortex.o [1]
__aeabi_cdcmple          0x800'2dad         Code  Gb  DblCmpLe.o [3]
__aeabi_cdrcmple         0x800'2ddd         Code  Gb  DblCmpGe.o [3]
__aeabi_d2iz             0x800'2f49         Code  Gb  DblToS32.o [3]
__aeabi_d2uiz            0x800'32d5         Code  Gb  DblToU32.o [3]
__aeabi_ddiv             0x800'308d         Code  Gb  DblDiv.o [3]
__aeabi_dmul             0x800'3319         Code  Gb  DblMul.o [3]
__aeabi_dsub             0x800'2fa9         Code  Gb  DblSub.o [3]
__aeabi_i2d              0x800'2f85         Code  Gb  S32ToDbl.o [3]
__aeabi_ldiv0            0x800'3869         Code  Gb  I64DivZer.o [4]
__aeabi_memcpy           0x800'2c95         Code  Gb  ABImemcpy.o [4]
__aeabi_memcpy4          0x800'2cb5         Code  Gb  ABImemcpy.o [4]
__aeabi_memcpy8          0x800'2cb5         Code  Gb  ABImemcpy.o [4]
__aeabi_memset           0x800'5b01         Code  Gb  ABImemset.o [4]
__aeabi_ui2d             0x800'32fd         Code  Gb  U32ToDbl.o [3]
__aeabi_uldivmod         0x800'34c5         Code  Gb  I64DivMod.o [4]
__basic_free             0x800'9639   0x16  Code  Gb  heap0.o [2]
__basic_free_intern      0x800'964f   0x74  Code  Lc  heap0.o [2]
__basic_malloc           0x800'958d   0x18  Code  Gb  heap0.o [2]
__basic_malloc_intern    0x800'95a5   0x94  Code  Lc  heap0.o [2]
__cexit_closeall         0x800'a183         Code  Gb  cexit.o [4]
__close                  0x800'9ea3   0x18  Code  Gb  close.o [5]
__cmain                  0x800'a159         Code  Gb  cmain.o [4]
__cstart_closeall        0x800'a40c         Data  Gb  cstart_closeall.o [4]
__data_GetMemChunk       0x800'96c9   0x2c  Code  Gb  xgetmemchunk.o [2]
__data_GetMemChunk::start
                        0x2000'18ec    0x4  Data  Lc  xgetmemchunk.o [2]
__dwrite                 0x800'9aa9   0x1e  Code  Gb  dwrite.o [5]
__exit                   0x800'386d   0x14  Code  Gb  exit.o [5]
__iar_Fail_s             0x800'2bc5   0x1c  Code  Gb  xfail_s.o [2]
__iar_Memchr             0x800'2c3d         Code  Gb  memchr.o [4]
__iar_Memset             0x800'5b01         Code  Gb  ABImemset.o [4]
__iar_Memset_word        0x800'5b09         Code  Gb  ABImemset.o [4]
__iar_Stderr            0x2000'023c   0x48  Data  Gb  xfiles.o [2]
__iar_Stdin             0x2000'01ac   0x48  Data  Gb  xfiles.o [2]
__iar_Stdout            0x2000'01f4   0x48  Data  Gb  xfiles.o [2]
__iar_Strchr             0x800'2ba5         Code  Gb  strchr.o [4]
__iar_close_ttio         0x800'3881   0x2c  Code  Wk  iarttio.o [5]
__iar_dadd               0x800'2fb9         Code  Gb  DblSub.o [3]
__iar_data_init3         0x800'a0a5   0x28  Code  Gb  data_init.o [4]
__iar_dsub               0x800'36fd         Code  Gb  DblAdd.o [3]
__iar_dsubStart          0x800'370f         Code  Gb  DblAdd.o [3]
__iar_frexp              0x800'2d49         Code  Gb  frexp.o [3]
__iar_frexpl             0x800'2d49         Code  Gb  frexp.o [3]
__iar_get_ttio           0x800'9b09   0x4c  Code  Gb  iarttio.o [5]
__iar_init_vfp           0x800'a115         Code  Gb  fpinit_M.o [3]
__iar_ldexp64            0x800'2e0d         Code  Gb  ldexp.o [3]
__iar_lookup_ttioh       0x800'38ad    0x8  Code  Gb  XShttio.o [2]
__iar_lz77_init_single3
                         0x800'9f19   0x78  Code  Gb  lz77_init_single.o [4]
__iar_program_start      0x800'a2bd         Code  Gb  cstartup_M.o [4]
__iar_scalbln64          0x800'2e0d         Code  Gb  ldexp.o [3]
__iar_scalbn64           0x800'2e0d         Code  Gb  ldexp.o [3]
__iar_sh_Discard         0x800'9ed1   0x48  Code  Wk  XShHandles.o [2]
__iar_sh_Move            0x800'9a5d   0x4c  Code  Wk  XShHandles.o [2]
__iar_sh_Pos             0x800'9a19   0x44  Code  Gb  XShHandles.o [2]
__iar_sh_stdout          0x800'9ac7   0x20  Code  Gb  iarwstd.o [5]
__iar_sh_write           0x800'9ae7   0x22  Code  Gb  iarwrite.o [5]
__iar_softfp___iar_frexp64
                         0x800'2d3d         Code  Gb  frexp.o [3]
__iar_softfp_frexp       0x800'2d3d         Code  Gb  frexp.o [3]
__iar_softfp_frexpl      0x800'2d3d         Code  Gb  frexp.o [3]
__iar_ttio_guard_lock    0x800'9b59   0x24  Code  Wk  XShttio.o [2]
__iar_ttio_guard_unlock
                         0x800'9b7d   0x14  Code  Wk  XShttio.o [2]
__iar_ttio_handles      0x2000'02a4    0x8  Data  Lc  XShttio.o [2]
__iar_zero_init3         0x800'2b6b   0x3a  Code  Gb  zero_init3.o [4]
__low_level_init         0x800'a177    0x4  Code  Gb  low_level_init.o [2]
__lseek                  0x800'99bd   0x4a  Code  Gb  lseek.o [5]
__vector_table           0x800'0000         Data  Gb  startup_stm32f405xx.o [1]
__write                  0x800'9a07   0x10  Code  Gb  write.o [5]
_call_main               0x800'a165         Code  Gb  cmain.o [4]
_exit                    0x800'a181         Code  Gb  cexit.o [4]
_main                    0x800'a173         Code  Gb  cmain.o [4]
abort                    0x800'36f5    0x6  Code  Gb  abort.o [2]
buffer                  0x2000'06b8  0x400  Data  Gb  main.o [1]
check_fs                 0x800'0da7   0x78  Code  Lc  ff.o [1]
chk_chr                  0x800'020f   0x14  Code  Lc  ff.o [1]
chk_lock                 0x800'0223   0x76  Code  Lc  ff.o [1]
clear_lock               0x800'03b3   0x22  Code  Lc  ff.o [1]
clmt_clust               0x800'0869   0x2a  Code  Lc  ff.o [1]
clust2sect               0x800'04fb   0x1a  Code  Lc  ff.o [1]
create_chain             0x800'0797   0xd2  Code  Lc  ff.o [1]
create_name              0x800'0bd3   0xee  Code  Lc  ff.o [1]
dec_lock                 0x800'0371   0x42  Code  Lc  ff.o [1]
dir_alloc                0x800'0a5f   0x64  Code  Lc  ff.o [1]
dir_find                 0x800'0b13   0x76  Code  Lc  ff.o [1]
dir_next                 0x800'093d  0x122  Code  Lc  ff.o [1]
dir_register             0x800'0b89   0x4a  Code  Lc  ff.o [1]
dir_sdi                  0x800'0893   0xaa  Code  Lc  ff.o [1]
disk                    0x2000'18b8    0xc  Data  Gb  ff_gen_drv.o [1]
disk_initialize          0x800'1aa7   0x32  Code  Gb  diskio.o [1]
disk_ioctl               0x800'1b15   0x20  Code  Gb  diskio.o [1]
disk_read                0x800'1ad9   0x1e  Code  Gb  diskio.o [1]
disk_status              0x800'1a89   0x1e  Code  Gb  diskio.o [1]
disk_write               0x800'1af7   0x1e  Code  Gb  diskio.o [1]
ebuf                    0x2000'17f8   0x50  Data  Lc  xfiles.o [2]
enq_lock                 0x800'0299   0x22  Code  Lc  ff.o [1]
exit                     0x800'a17b    0x4  Code  Gb  exit.o [2]
f_close                  0x800'189b   0x38  Code  Gb  ff.o [1]
f_getfree                0x800'18d3  0x106  Code  Gb  ff.o [1]
f_mount                  0x800'114d   0x5e  Code  Gb  ff.o [1]
f_open                   0x800'11cd  0x258  Code  Gb  ff.o [1]
f_puts                   0x800'1a61   0x28  Code  Gb  ff.o [1]
f_read                   0x800'1425  0x1c4  Code  Gb  ff.o [1]
f_sync                   0x800'17fb   0xa0  Code  Gb  ff.o [1]
f_write                  0x800'15e9  0x212  Code  Gb  ff.o [1]
fclose                   0x800'9e25   0x7e  Code  Gb  fclose.o [2]
fflush                   0x800'9979   0x34  Code  Gb  fflush.o [2]
fflushOne                0x800'9905   0x74  Code  Lc  fflush.o [2]
file                    0x2000'1230  0x230  Data  Gb  main.o [1]
find_volume              0x800'0e29  0x2dc  Code  Lc  ff.o [1]
follow_path              0x800'0cc9   0x96  Code  Lc  ff.o [1]
fputc                    0x800'9f91   0x54  Code  Gb  fputc.o [2]
fre_clust               0x2000'18d8    0x4  Data  Gb  main.o [1]
free                     0x800'9d05    0x4  Code  Gb  heaptramp0.o [2]
free_space              0x2000'18e0    0x4  Data  Gb  main.o [1]
fres                    0x2000'18f9    0x1  Data  Gb  main.o [1]
fs                      0x2000'1000  0x230  Data  Gb  main.o [1]
fseek                    0x800'9c45   0x24  Code  Gb  fseek.o [2]
get_fat                  0x800'0515   0xd2  Code  Lc  ff.o [1]
get_fattime              0x800'1b55    0x4  Code  Gb  fatfs.o [1]
get_ldnumber             0x800'0d5f   0x48  Code  Lc  ff.o [1]
hUsbDeviceFS            0x2000'0ab8  0x2d0  Data  Gb  usb_device.o [1]
hdma_spi1_rx            0x2000'16e0   0x60  Data  Gb  main.o [1]
hdma_spi1_tx            0x2000'1740   0x60  Data  Gb  main.o [1]
hpcd_USB_OTG_FS         0x2000'02b0  0x408  Data  Gb  usbd_conf.o [1]
hspi1                   0x2000'17a0   0x58  Data  Gb  main.o [1]
inc_lock                 0x800'02bb   0xb6  Code  Lc  ff.o [1]
ld_clust                 0x800'0ac3   0x26  Code  Lc  ff.o [1]
ld_dword                 0x800'0195   0x16  Code  Lc  ff.o [1]
ld_word                  0x800'0189    0xc  Code  Lc  ff.o [1]
ldexp                    0x800'2e0d         Code  Gb  ldexp.o [3]
ldexpl                   0x800'2e0d         Code  Gb  ldexp.o [3]
localeconv               0x800'34bd    0x4  Code  Gb  xlocale_c.o [2]
main                     0x800'628d  0x13a  Code  Gb  main.o [1]
mem_cmp                  0x800'01f1   0x1e  Code  Lc  ff.o [1]
mem_cpy                  0x800'01d1   0x14  Code  Lc  ff.o [1]
mem_set                  0x800'01e5    0xc  Code  Lc  ff.o [1]
memchr                   0x800'2c3d         Code  Gb  memchr.o [4]
memset                   0x800'8b0d   0x14  Code  Gb  memset.o [4]
move_window              0x800'0429   0x3e  Code  Lc  ff.o [1]
obuf                    0x2000'1848   0x50  Data  Lc  xfiles.o [2]
pfs                     0x2000'18d4    0x4  Data  Gb  main.o [1]
printf                   0x800'7b05   0x28  Code  Gb  printf.o [2]
put_fat                  0x800'05e7  0x122  Code  Lc  ff.o [1]
putc_bfd                 0x800'19d9   0x4e  Code  Lc  ff.o [1]
putc_flush               0x800'1a27   0x2e  Code  Lc  ff.o [1]
putc_init                0x800'1a55    0xc  Code  Lc  ff.o [1]
putchar                  0x800'a1f9    0xc  Code  Gb  putchar.o [2]
remove                   0x800'9ebb   0x14  Code  Gb  remove.o [5]
remove_chain             0x800'0709   0x8e  Code  Lc  ff.o [1]
retUSER                 0x2000'18f6    0x1  Data  Gb  fatfs.o [1]
sFileInfo               0x2000'1660   0x80  Data  Lc  XShHandles.o [2]
scalbln                  0x800'2e0d         Code  Gb  ldexp.o [3]
scalblnl                 0x800'2e0d         Code  Gb  ldexp.o [3]
scalbn                   0x800'2e0d         Code  Gb  ldexp.o [3]
scalbnl                  0x800'2e0d         Code  Gb  ldexp.o [3]
scale                    0x800'2a6f   0x46  Code  Lc  xprintffull_nomb.o [2]
sec_hand                0x2000'18e8    0x4  Data  Lc  xfail_s.o [2]
sprintf                  0x800'7b2d   0x40  Code  Gb  sprintf.o [2]
st_clust                 0x800'0ae9   0x2a  Code  Lc  ff.o [1]
st_dword                 0x800'01b9   0x18  Code  Lc  ff.o [1]
st_word                  0x800'01ab    0xe  Code  Lc  ff.o [1]
strchr                   0x800'2ba5         Code  Gb  strchr.o [4]
strlen                   0x800'2c05         Code  Gb  strlen.o [4]
sync_fs                  0x800'0467   0x94  Code  Lc  ff.o [1]
sync_window              0x800'03d5   0x54  Code  Lc  ff.o [1]
total                   0x2000'18dc    0x4  Data  Gb  main.o [1]
ttio_guard              0x2000'18fc    0x1  Data  Lc  XShttio.o [2]
uwTick                  0x2000'18e4    0x4  Data  Gb  stm32f4xx_hal.o [1]
uwTickFreq              0x2000'02ad    0x1  Data  Gb  stm32f4xx_hal.o [1]
uwTickPrio              0x2000'0000    0x4  Data  Gb  stm32f4xx_hal.o [1]
validate                 0x800'1105   0x48  Code  Lc  ff.o [1]


[1] = E:\KELKA\F405_Storage\EWARM\F405_Storage\Obj
[2] = dl7M_tlf.a
[3] = m7M_tls.a
[4] = rt7M_tl.a
[5] = shb_l.a

  41'501 bytes of readonly  code memory
     821 bytes of readonly  data memory
  18'683 bytes of readwrite data memory

Errors: none
Warnings: none
